C:/Users/dante/OneDrive/Documents/UCT/EEE4022F/ST Sensor/examples/Drivers/BSP/SensorTileBoxPro/SensorTileBoxPro_audio.c:108:16:BSP_AUDIO_IN_Init	16	static
C:/Users/dante/OneDrive/Documents/UCT/EEE4022F/ST Sensor/examples/Drivers/BSP/SensorTileBoxPro/SensorTileBoxPro_audio.c:266:16:BSP_AUDIO_IN_DeInit	24	static
C:/Users/dante/OneDrive/Documents/UCT/EEE4022F/ST Sensor/examples/Drivers/BSP/SensorTileBoxPro/SensorTileBoxPro_audio.c:304:9:BSP_AUDIO_IN_Record	32	static
C:/Users/dante/OneDrive/Documents/UCT/EEE4022F/ST Sensor/examples/Drivers/BSP/SensorTileBoxPro/SensorTileBoxPro_audio.c:343:9:BSP_AUDIO_IN_Stop	24	static
C:/Users/dante/OneDrive/Documents/UCT/EEE4022F/ST Sensor/examples/Drivers/BSP/SensorTileBoxPro/SensorTileBoxPro_audio.c:375:9:BSP_AUDIO_IN_Pause	24	static
C:/Users/dante/OneDrive/Documents/UCT/EEE4022F/ST Sensor/examples/Drivers/BSP/SensorTileBoxPro/SensorTileBoxPro_audio.c:408:9:BSP_AUDIO_IN_Resume	24	static
C:/Users/dante/OneDrive/Documents/UCT/EEE4022F/ST Sensor/examples/Drivers/BSP/SensorTileBoxPro/SensorTileBoxPro_audio.c:443:9:BSP_AUDIO_IN_RecordChannels	24	static
C:/Users/dante/OneDrive/Documents/UCT/EEE4022F/ST Sensor/examples/Drivers/BSP/SensorTileBoxPro/SensorTileBoxPro_audio.c:458:9:BSP_AUDIO_IN_StopChannels	16	static
C:/Users/dante/OneDrive/Documents/UCT/EEE4022F/ST Sensor/examples/Drivers/BSP/SensorTileBoxPro/SensorTileBoxPro_audio.c:472:9:BSP_AUDIO_IN_PauseChannels	16	static
C:/Users/dante/OneDrive/Documents/UCT/EEE4022F/ST Sensor/examples/Drivers/BSP/SensorTileBoxPro/SensorTileBoxPro_audio.c:486:9:BSP_AUDIO_IN_ResumeChannels	16	static
C:/Users/dante/OneDrive/Documents/UCT/EEE4022F/ST Sensor/examples/Drivers/BSP/SensorTileBoxPro/SensorTileBoxPro_audio.c:500:9:BSP_AUDIO_IN_SetDevice	40	static
C:/Users/dante/OneDrive/Documents/UCT/EEE4022F/ST Sensor/examples/Drivers/BSP/SensorTileBoxPro/SensorTileBoxPro_audio.c:537:9:BSP_AUDIO_IN_GetDevice	24	static
C:/Users/dante/OneDrive/Documents/UCT/EEE4022F/ST Sensor/examples/Drivers/BSP/SensorTileBoxPro/SensorTileBoxPro_audio.c:560:9:BSP_AUDIO_IN_SetSampleRate	40	static
C:/Users/dante/OneDrive/Documents/UCT/EEE4022F/ST Sensor/examples/Drivers/BSP/SensorTileBoxPro/SensorTileBoxPro_audio.c:597:9:BSP_AUDIO_IN_GetSampleRate	24	static
C:/Users/dante/OneDrive/Documents/UCT/EEE4022F/ST Sensor/examples/Drivers/BSP/SensorTileBoxPro/SensorTileBoxPro_audio.c:622:9:BSP_AUDIO_IN_SetBitsPerSample	40	static
C:/Users/dante/OneDrive/Documents/UCT/EEE4022F/ST Sensor/examples/Drivers/BSP/SensorTileBoxPro/SensorTileBoxPro_audio.c:659:9:BSP_AUDIO_IN_GetBitsPerSample	24	static
C:/Users/dante/OneDrive/Documents/UCT/EEE4022F/ST Sensor/examples/Drivers/BSP/SensorTileBoxPro/SensorTileBoxPro_audio.c:682:9:BSP_AUDIO_IN_SetChannelsNbr	40	static
C:/Users/dante/OneDrive/Documents/UCT/EEE4022F/ST Sensor/examples/Drivers/BSP/SensorTileBoxPro/SensorTileBoxPro_audio.c:719:9:BSP_AUDIO_IN_GetChannelsNbr	24	static
C:/Users/dante/OneDrive/Documents/UCT/EEE4022F/ST Sensor/examples/Drivers/BSP/SensorTileBoxPro/SensorTileBoxPro_audio.c:742:9:BSP_AUDIO_IN_SetVolume	24	static
C:/Users/dante/OneDrive/Documents/UCT/EEE4022F/ST Sensor/examples/Drivers/BSP/SensorTileBoxPro/SensorTileBoxPro_audio.c:766:9:BSP_AUDIO_IN_GetVolume	24	static
C:/Users/dante/OneDrive/Documents/UCT/EEE4022F/ST Sensor/examples/Drivers/BSP/SensorTileBoxPro/SensorTileBoxPro_audio.c:790:9:BSP_AUDIO_IN_GetState	24	static
C:/Users/dante/OneDrive/Documents/UCT/EEE4022F/ST Sensor/examples/Drivers/BSP/SensorTileBoxPro/SensorTileBoxPro_audio.c:817:6:HAL_MDF_AcqCpltCallback	24	static
C:/Users/dante/OneDrive/Documents/UCT/EEE4022F/ST Sensor/examples/Drivers/BSP/SensorTileBoxPro/SensorTileBoxPro_audio.c:854:6:HAL_MDF_AcqHalfCpltCallback	24	static
C:/Users/dante/OneDrive/Documents/UCT/EEE4022F/ST Sensor/examples/Drivers/BSP/SensorTileBoxPro/SensorTileBoxPro_audio.c:889:13:BSP_AUDIO_IN_TransferComplete_CallBack	16	static
C:/Users/dante/OneDrive/Documents/UCT/EEE4022F/ST Sensor/examples/Drivers/BSP/SensorTileBoxPro/SensorTileBoxPro_audio.c:903:13:BSP_AUDIO_IN_HalfTransfer_CallBack	16	static
C:/Users/dante/OneDrive/Documents/UCT/EEE4022F/ST Sensor/examples/Drivers/BSP/SensorTileBoxPro/SensorTileBoxPro_audio.c:917:13:BSP_AUDIO_IN_Error_CallBack	16	static
C:/Users/dante/OneDrive/Documents/UCT/EEE4022F/ST Sensor/examples/Drivers/BSP/SensorTileBoxPro/SensorTileBoxPro_audio.c:932:6:HAL_MDF_MspInit	360	static
