C:/Users/dante/OneDrive/Documents/UCT/EEE4022F/ST Sensor/examples/Drivers/BSP/SensorTileBoxPro/SensorTileBoxPro_nfctag.c:52:9:BSP_NFCTAG_ST25DV_Probe	48	static
C:/Users/dante/OneDrive/Documents/UCT/EEE4022F/ST Sensor/examples/Drivers/BSP/SensorTileBoxPro/SensorTileBoxPro_nfctag.c:93:9:BSP_NFCTAG_ST25DVxxKC_Probe	48	static
C:/Users/dante/OneDrive/Documents/UCT/EEE4022F/ST Sensor/examples/Drivers/BSP/SensorTileBoxPro/SensorTileBoxPro_nfctag.c:133:9:BSP_NFCTAG_Init	16	static
C:/Users/dante/OneDrive/Documents/UCT/EEE4022F/ST Sensor/examples/Drivers/BSP/SensorTileBoxPro/SensorTileBoxPro_nfctag.c:148:17:NFC_GetTick	8	static
C:/Users/dante/OneDrive/Documents/UCT/EEE4022F/ST Sensor/examples/Drivers/BSP/SensorTileBoxPro/SensorTileBoxPro_nfctag.c:159:6:BSP_NFCTAG_DeInit	16	static
C:/Users/dante/OneDrive/Documents/UCT/EEE4022F/ST Sensor/examples/Drivers/BSP/SensorTileBoxPro/SensorTileBoxPro_nfctag.c:176:9:BSP_NFCTAG_isInitialized	16	static
C:/Users/dante/OneDrive/Documents/UCT/EEE4022F/ST Sensor/examples/Drivers/BSP/SensorTileBoxPro/SensorTileBoxPro_nfctag.c:187:13:BSP_NFCTAG_GPIO_Callback	4	static
C:/Users/dante/OneDrive/Documents/UCT/EEE4022F/ST Sensor/examples/Drivers/BSP/SensorTileBoxPro/SensorTileBoxPro_nfctag.c:197:9:BSP_NFCTAG_GPIO_Init	40	static
C:/Users/dante/OneDrive/Documents/UCT/EEE4022F/ST Sensor/examples/Drivers/BSP/SensorTileBoxPro/SensorTileBoxPro_nfctag.c:232:13:NFCTAG_GPIO_EXTI_Callback	8	static
C:/Users/dante/OneDrive/Documents/UCT/EEE4022F/ST Sensor/examples/Drivers/BSP/SensorTileBoxPro/SensorTileBoxPro_nfctag.c:242:9:BSP_NFCTAG_ReadID	16	static
C:/Users/dante/OneDrive/Documents/UCT/EEE4022F/ST Sensor/examples/Drivers/BSP/SensorTileBoxPro/SensorTileBoxPro_nfctag.c:258:9:BSP_NFCTAG_IsDeviceReady	16	static
C:/Users/dante/OneDrive/Documents/UCT/EEE4022F/ST Sensor/examples/Drivers/BSP/SensorTileBoxPro/SensorTileBoxPro_nfctag.c:276:9:BSP_NFCTAG_ConfigIT	16	static
C:/Users/dante/OneDrive/Documents/UCT/EEE4022F/ST Sensor/examples/Drivers/BSP/SensorTileBoxPro/SensorTileBoxPro_nfctag.c:293:9:BSP_NFCTAG_GetITStatus	16	static
C:/Users/dante/OneDrive/Documents/UCT/EEE4022F/ST Sensor/examples/Drivers/BSP/SensorTileBoxPro/SensorTileBoxPro_nfctag.c:311:9:BSP_NFCTAG_ReadData	32	static
C:/Users/dante/OneDrive/Documents/UCT/EEE4022F/ST Sensor/examples/Drivers/BSP/SensorTileBoxPro/SensorTileBoxPro_nfctag.c:329:9:BSP_NFCTAG_WriteData	32	static
C:/Users/dante/OneDrive/Documents/UCT/EEE4022F/ST Sensor/examples/Drivers/BSP/SensorTileBoxPro/SensorTileBoxPro_nfctag.c:347:9:BSP_NFCTAG_ReadRegister	32	static
C:/Users/dante/OneDrive/Documents/UCT/EEE4022F/ST Sensor/examples/Drivers/BSP/SensorTileBoxPro/SensorTileBoxPro_nfctag.c:372:9:BSP_NFCTAG_WriteRegister	32	static
C:/Users/dante/OneDrive/Documents/UCT/EEE4022F/ST Sensor/examples/Drivers/BSP/SensorTileBoxPro/SensorTileBoxPro_nfctag.c:404:10:BSP_NFCTAG_GetByteSize	32	static
C:/Users/dante/OneDrive/Documents/UCT/EEE4022F/ST Sensor/examples/Drivers/BSP/SensorTileBoxPro/SensorTileBoxPro_nfctag.c:431:9:BSP_NFCTAG_ReadICRev	24	static
C:/Users/dante/OneDrive/Documents/UCT/EEE4022F/ST Sensor/examples/Drivers/BSP/SensorTileBoxPro/SensorTileBoxPro_nfctag.c:456:9:BSP_NFCTAG_ReadITPulse	24	static
C:/Users/dante/OneDrive/Documents/UCT/EEE4022F/ST Sensor/examples/Drivers/BSP/SensorTileBoxPro/SensorTileBoxPro_nfctag.c:480:9:BSP_NFCTAG_WriteITPulse	24	static
C:/Users/dante/OneDrive/Documents/UCT/EEE4022F/ST Sensor/examples/Drivers/BSP/SensorTileBoxPro/SensorTileBoxPro_nfctag.c:503:9:BSP_NFCTAG_ReadUID	24	static
C:/Users/dante/OneDrive/Documents/UCT/EEE4022F/ST Sensor/examples/Drivers/BSP/SensorTileBoxPro/SensorTileBoxPro_nfctag.c:527:9:BSP_NFCTAG_ReadDSFID	24	static
C:/Users/dante/OneDrive/Documents/UCT/EEE4022F/ST Sensor/examples/Drivers/BSP/SensorTileBoxPro/SensorTileBoxPro_nfctag.c:550:9:BSP_NFCTAG_ReadDsfidRFProtection	24	static
C:/Users/dante/OneDrive/Documents/UCT/EEE4022F/ST Sensor/examples/Drivers/BSP/SensorTileBoxPro/SensorTileBoxPro_nfctag.c:573:9:BSP_NFCTAG_ReadAFI	24	static
C:/Users/dante/OneDrive/Documents/UCT/EEE4022F/ST Sensor/examples/Drivers/BSP/SensorTileBoxPro/SensorTileBoxPro_nfctag.c:596:9:BSP_NFCTAG_ReadAfiRFProtection	24	static
C:/Users/dante/OneDrive/Documents/UCT/EEE4022F/ST Sensor/examples/Drivers/BSP/SensorTileBoxPro/SensorTileBoxPro_nfctag.c:619:9:BSP_NFCTAG_ReadI2CProtectZone	24	static
C:/Users/dante/OneDrive/Documents/UCT/EEE4022F/ST Sensor/examples/Drivers/BSP/SensorTileBoxPro/SensorTileBoxPro_nfctag.c:644:9:BSP_NFCTAG_WriteI2CProtectZonex	24	static
C:/Users/dante/OneDrive/Documents/UCT/EEE4022F/ST Sensor/examples/Drivers/BSP/SensorTileBoxPro/SensorTileBoxPro_nfctag.c:669:9:BSP_NFCTAG_ReadLockCCFile	24	static
C:/Users/dante/OneDrive/Documents/UCT/EEE4022F/ST Sensor/examples/Drivers/BSP/SensorTileBoxPro/SensorTileBoxPro_nfctag.c:694:9:BSP_NFCTAG_WriteLockCCFile	24	static
C:/Users/dante/OneDrive/Documents/UCT/EEE4022F/ST Sensor/examples/Drivers/BSP/SensorTileBoxPro/SensorTileBoxPro_nfctag.c:718:9:BSP_NFCTAG_ReadLockCFG	24	static
C:/Users/dante/OneDrive/Documents/UCT/EEE4022F/ST Sensor/examples/Drivers/BSP/SensorTileBoxPro/SensorTileBoxPro_nfctag.c:742:9:BSP_NFCTAG_WriteLockCFG	24	static
C:/Users/dante/OneDrive/Documents/UCT/EEE4022F/ST Sensor/examples/Drivers/BSP/SensorTileBoxPro/SensorTileBoxPro_nfctag.c:765:9:BSP_NFCTAG_PresentI2CPassword	32	static
C:/Users/dante/OneDrive/Documents/UCT/EEE4022F/ST Sensor/examples/Drivers/BSP/SensorTileBoxPro/SensorTileBoxPro_nfctag.c:795:9:BSP_NFCTAG_WriteI2CPassword	32	static
C:/Users/dante/OneDrive/Documents/UCT/EEE4022F/ST Sensor/examples/Drivers/BSP/SensorTileBoxPro/SensorTileBoxPro_nfctag.c:825:9:BSP_NFCTAG_ReadRFZxSS	32	static
C:/Users/dante/OneDrive/Documents/UCT/EEE4022F/ST Sensor/examples/Drivers/BSP/SensorTileBoxPro/SensorTileBoxPro_nfctag.c:852:9:BSP_NFCTAG_WriteRFZxSS	40	static
C:/Users/dante/OneDrive/Documents/UCT/EEE4022F/ST Sensor/examples/Drivers/BSP/SensorTileBoxPro/SensorTileBoxPro_nfctag.c:883:9:BSP_NFCTAG_ReadEndZonex	32	static
C:/Users/dante/OneDrive/Documents/UCT/EEE4022F/ST Sensor/examples/Drivers/BSP/SensorTileBoxPro/SensorTileBoxPro_nfctag.c:910:9:BSP_NFCTAG_WriteEndZonex	24	static
C:/Users/dante/OneDrive/Documents/UCT/EEE4022F/ST Sensor/examples/Drivers/BSP/SensorTileBoxPro/SensorTileBoxPro_nfctag.c:935:9:BSP_NFCTAG_InitEndZone	24	static
C:/Users/dante/OneDrive/Documents/UCT/EEE4022F/ST Sensor/examples/Drivers/BSP/SensorTileBoxPro/SensorTileBoxPro_nfctag.c:962:9:BSP_NFCTAG_CreateUserZone	48	static
C:/Users/dante/OneDrive/Documents/UCT/EEE4022F/ST Sensor/examples/Drivers/BSP/SensorTileBoxPro/SensorTileBoxPro_nfctag.c:986:9:BSP_NFCTAG_ReadMemSize	24	static
C:/Users/dante/OneDrive/Documents/UCT/EEE4022F/ST Sensor/examples/Drivers/BSP/SensorTileBoxPro/SensorTileBoxPro_nfctag.c:1009:9:BSP_NFCTAG_ReadEHMode	24	static
C:/Users/dante/OneDrive/Documents/UCT/EEE4022F/ST Sensor/examples/Drivers/BSP/SensorTileBoxPro/SensorTileBoxPro_nfctag.c:1033:9:BSP_NFCTAG_WriteEHMode	24	static
C:/Users/dante/OneDrive/Documents/UCT/EEE4022F/ST Sensor/examples/Drivers/BSP/SensorTileBoxPro/SensorTileBoxPro_nfctag.c:1056:9:BSP_NFCTAG_ReadRFMngt	24	static
C:/Users/dante/OneDrive/Documents/UCT/EEE4022F/ST Sensor/examples/Drivers/BSP/SensorTileBoxPro/SensorTileBoxPro_nfctag.c:1080:9:BSP_NFCTAG_WriteRFMngt	24	static
C:/Users/dante/OneDrive/Documents/UCT/EEE4022F/ST Sensor/examples/Drivers/BSP/SensorTileBoxPro/SensorTileBoxPro_nfctag.c:1103:9:BSP_NFCTAG_GetRFDisable	24	static
C:/Users/dante/OneDrive/Documents/UCT/EEE4022F/ST Sensor/examples/Drivers/BSP/SensorTileBoxPro/SensorTileBoxPro_nfctag.c:1126:9:BSP_NFCTAG_SetRFDisable	24	static
C:/Users/dante/OneDrive/Documents/UCT/EEE4022F/ST Sensor/examples/Drivers/BSP/SensorTileBoxPro/SensorTileBoxPro_nfctag.c:1149:9:BSP_NFCTAG_ResetRFDisable	24	static
C:/Users/dante/OneDrive/Documents/UCT/EEE4022F/ST Sensor/examples/Drivers/BSP/SensorTileBoxPro/SensorTileBoxPro_nfctag.c:1172:9:BSP_NFCTAG_GetRFSleep	24	static
C:/Users/dante/OneDrive/Documents/UCT/EEE4022F/ST Sensor/examples/Drivers/BSP/SensorTileBoxPro/SensorTileBoxPro_nfctag.c:1195:9:BSP_NFCTAG_SetRFSleep	24	static
C:/Users/dante/OneDrive/Documents/UCT/EEE4022F/ST Sensor/examples/Drivers/BSP/SensorTileBoxPro/SensorTileBoxPro_nfctag.c:1218:9:BSP_NFCTAG_ResetRFSleep	24	static
C:/Users/dante/OneDrive/Documents/UCT/EEE4022F/ST Sensor/examples/Drivers/BSP/SensorTileBoxPro/SensorTileBoxPro_nfctag.c:1241:9:BSP_NFCTAG_ReadMBMode	24	static
C:/Users/dante/OneDrive/Documents/UCT/EEE4022F/ST Sensor/examples/Drivers/BSP/SensorTileBoxPro/SensorTileBoxPro_nfctag.c:1265:9:BSP_NFCTAG_WriteMBMode	24	static
C:/Users/dante/OneDrive/Documents/UCT/EEE4022F/ST Sensor/examples/Drivers/BSP/SensorTileBoxPro/SensorTileBoxPro_nfctag.c:1288:9:BSP_NFCTAG_ReadMBWDG	24	static
C:/Users/dante/OneDrive/Documents/UCT/EEE4022F/ST Sensor/examples/Drivers/BSP/SensorTileBoxPro/SensorTileBoxPro_nfctag.c:1312:9:BSP_NFCTAG_WriteMBWDG	24	static
C:/Users/dante/OneDrive/Documents/UCT/EEE4022F/ST Sensor/examples/Drivers/BSP/SensorTileBoxPro/SensorTileBoxPro_nfctag.c:1337:9:BSP_NFCTAG_ReadMailboxData	32	static
C:/Users/dante/OneDrive/Documents/UCT/EEE4022F/ST Sensor/examples/Drivers/BSP/SensorTileBoxPro/SensorTileBoxPro_nfctag.c:1362:9:BSP_NFCTAG_WriteMailboxData	32	static
C:/Users/dante/OneDrive/Documents/UCT/EEE4022F/ST Sensor/examples/Drivers/BSP/SensorTileBoxPro/SensorTileBoxPro_nfctag.c:1387:9:BSP_NFCTAG_ReadMailboxRegister	32	static
C:/Users/dante/OneDrive/Documents/UCT/EEE4022F/ST Sensor/examples/Drivers/BSP/SensorTileBoxPro/SensorTileBoxPro_nfctag.c:1413:9:BSP_NFCTAG_WriteMailboxRegister	32	static
C:/Users/dante/OneDrive/Documents/UCT/EEE4022F/ST Sensor/examples/Drivers/BSP/SensorTileBoxPro/SensorTileBoxPro_nfctag.c:1437:9:BSP_NFCTAG_ReadI2CSecuritySession_Dyn	24	static
C:/Users/dante/OneDrive/Documents/UCT/EEE4022F/ST Sensor/examples/Drivers/BSP/SensorTileBoxPro/SensorTileBoxPro_nfctag.c:1469:9:BSP_NFCTAG_ReadITSTStatus_Dyn	24	static
C:/Users/dante/OneDrive/Documents/UCT/EEE4022F/ST Sensor/examples/Drivers/BSP/SensorTileBoxPro/SensorTileBoxPro_nfctag.c:1492:9:BSP_NFCTAG_ReadGPO_Dyn	24	static
C:/Users/dante/OneDrive/Documents/UCT/EEE4022F/ST Sensor/examples/Drivers/BSP/SensorTileBoxPro/SensorTileBoxPro_nfctag.c:1515:9:BSP_NFCTAG_GetGPO_en_Dyn	24	static
C:/Users/dante/OneDrive/Documents/UCT/EEE4022F/ST Sensor/examples/Drivers/BSP/SensorTileBoxPro/SensorTileBoxPro_nfctag.c:1538:9:BSP_NFCTAG_SetGPO_en_Dyn	24	static
C:/Users/dante/OneDrive/Documents/UCT/EEE4022F/ST Sensor/examples/Drivers/BSP/SensorTileBoxPro/SensorTileBoxPro_nfctag.c:1561:9:BSP_NFCTAG_ResetGPO_en_Dyn	24	static
C:/Users/dante/OneDrive/Documents/UCT/EEE4022F/ST Sensor/examples/Drivers/BSP/SensorTileBoxPro/SensorTileBoxPro_nfctag.c:1584:9:BSP_NFCTAG_ReadEHCtrl_Dyn	24	static
C:/Users/dante/OneDrive/Documents/UCT/EEE4022F/ST Sensor/examples/Drivers/BSP/SensorTileBoxPro/SensorTileBoxPro_nfctag.c:1607:9:BSP_NFCTAG_GetEHENMode_Dyn	24	static
C:/Users/dante/OneDrive/Documents/UCT/EEE4022F/ST Sensor/examples/Drivers/BSP/SensorTileBoxPro/SensorTileBoxPro_nfctag.c:1629:9:BSP_NFCTAG_SetEHENMode_Dyn	24	static
C:/Users/dante/OneDrive/Documents/UCT/EEE4022F/ST Sensor/examples/Drivers/BSP/SensorTileBoxPro/SensorTileBoxPro_nfctag.c:1651:9:BSP_NFCTAG_ResetEHENMode_Dyn	24	static
C:/Users/dante/OneDrive/Documents/UCT/EEE4022F/ST Sensor/examples/Drivers/BSP/SensorTileBoxPro/SensorTileBoxPro_nfctag.c:1674:9:BSP_NFCTAG_GetEHON_Dyn	24	static
C:/Users/dante/OneDrive/Documents/UCT/EEE4022F/ST Sensor/examples/Drivers/BSP/SensorTileBoxPro/SensorTileBoxPro_nfctag.c:1697:9:BSP_NFCTAG_GetRFField_Dyn	24	static
C:/Users/dante/OneDrive/Documents/UCT/EEE4022F/ST Sensor/examples/Drivers/BSP/SensorTileBoxPro/SensorTileBoxPro_nfctag.c:1720:9:BSP_NFCTAG_GetVCC_Dyn	24	static
C:/Users/dante/OneDrive/Documents/UCT/EEE4022F/ST Sensor/examples/Drivers/BSP/SensorTileBoxPro/SensorTileBoxPro_nfctag.c:1743:9:BSP_NFCTAG_ReadRFMngt_Dyn	24	static
C:/Users/dante/OneDrive/Documents/UCT/EEE4022F/ST Sensor/examples/Drivers/BSP/SensorTileBoxPro/SensorTileBoxPro_nfctag.c:1767:9:BSP_NFCTAG_WriteRFMngt_Dyn	24	static
C:/Users/dante/OneDrive/Documents/UCT/EEE4022F/ST Sensor/examples/Drivers/BSP/SensorTileBoxPro/SensorTileBoxPro_nfctag.c:1790:9:BSP_NFCTAG_GetRFDisable_Dyn	24	static
C:/Users/dante/OneDrive/Documents/UCT/EEE4022F/ST Sensor/examples/Drivers/BSP/SensorTileBoxPro/SensorTileBoxPro_nfctag.c:1812:9:BSP_NFCTAG_SetRFDisable_Dyn	24	static
C:/Users/dante/OneDrive/Documents/UCT/EEE4022F/ST Sensor/examples/Drivers/BSP/SensorTileBoxPro/SensorTileBoxPro_nfctag.c:1834:9:BSP_NFCTAG_ResetRFDisable_Dyn	24	static
C:/Users/dante/OneDrive/Documents/UCT/EEE4022F/ST Sensor/examples/Drivers/BSP/SensorTileBoxPro/SensorTileBoxPro_nfctag.c:1857:9:BSP_NFCTAG_GetRFSleep_Dyn	24	static
C:/Users/dante/OneDrive/Documents/UCT/EEE4022F/ST Sensor/examples/Drivers/BSP/SensorTileBoxPro/SensorTileBoxPro_nfctag.c:1879:9:BSP_NFCTAG_SetRFSleep_Dyn	24	static
C:/Users/dante/OneDrive/Documents/UCT/EEE4022F/ST Sensor/examples/Drivers/BSP/SensorTileBoxPro/SensorTileBoxPro_nfctag.c:1901:9:BSP_NFCTAG_ResetRFSleep_Dyn	24	static
C:/Users/dante/OneDrive/Documents/UCT/EEE4022F/ST Sensor/examples/Drivers/BSP/SensorTileBoxPro/SensorTileBoxPro_nfctag.c:1925:9:BSP_NFCTAG_ReadMBCtrl_Dyn	24	static
C:/Users/dante/OneDrive/Documents/UCT/EEE4022F/ST Sensor/examples/Drivers/BSP/SensorTileBoxPro/SensorTileBoxPro_nfctag.c:1947:9:BSP_NFCTAG_GetMBEN_Dyn	24	static
C:/Users/dante/OneDrive/Documents/UCT/EEE4022F/ST Sensor/examples/Drivers/BSP/SensorTileBoxPro/SensorTileBoxPro_nfctag.c:1969:9:BSP_NFCTAG_SetMBEN_Dyn	24	static
C:/Users/dante/OneDrive/Documents/UCT/EEE4022F/ST Sensor/examples/Drivers/BSP/SensorTileBoxPro/SensorTileBoxPro_nfctag.c:1991:9:BSP_NFCTAG_ResetMBEN_Dyn	24	static
C:/Users/dante/OneDrive/Documents/UCT/EEE4022F/ST Sensor/examples/Drivers/BSP/SensorTileBoxPro/SensorTileBoxPro_nfctag.c:2014:9:BSP_NFCTAG_ReadMBLength_Dyn	24	static
