C:/Users/dante/OneDrive/Documents/UCT/EEE4022F/ST Sensor/examples/Drivers/BSP/SensorTileBoxPro/SensorTileBoxPro_gg.c:37:18:BSP_GG_Init	24	static
C:/Users/dante/OneDrive/Documents/UCT/EEE4022F/ST Sensor/examples/Drivers/BSP/SensorTileBoxPro/SensorTileBoxPro_gg.c:88:18:BSP_GG_DeInit	24	static
C:/Users/dante/OneDrive/Documents/UCT/EEE4022F/ST Sensor/examples/Drivers/BSP/SensorTileBoxPro/SensorTileBoxPro_gg.c:122:18:BSP_GG_IsInitialized	24	static
C:/Users/dante/OneDrive/Documents/UCT/EEE4022F/ST Sensor/examples/Drivers/BSP/SensorTileBoxPro/SensorTileBoxPro_gg.c:149:18:BSP_GG_IsCombo	24	static
C:/Users/dante/OneDrive/Documents/UCT/EEE4022F/ST Sensor/examples/Drivers/BSP/SensorTileBoxPro/SensorTileBoxPro_gg.c:176:18:BSP_GG_Get_WhoAmI	24	static
C:/Users/dante/OneDrive/Documents/UCT/EEE4022F/ST Sensor/examples/Drivers/BSP/SensorTileBoxPro/SensorTileBoxPro_gg.c:213:18:BSP_GG_Task	24	static
C:/Users/dante/OneDrive/Documents/UCT/EEE4022F/ST Sensor/examples/Drivers/BSP/SensorTileBoxPro/SensorTileBoxPro_gg.c:241:18:BSP_GG_Reset	24	static
C:/Users/dante/OneDrive/Documents/UCT/EEE4022F/ST Sensor/examples/Drivers/BSP/SensorTileBoxPro/SensorTileBoxPro_gg.c:268:18:BSP_GG_Stop	24	static
C:/Users/dante/OneDrive/Documents/UCT/EEE4022F/ST Sensor/examples/Drivers/BSP/SensorTileBoxPro/SensorTileBoxPro_gg.c:296:18:BSP_GG_GetOCV	24	static
C:/Users/dante/OneDrive/Documents/UCT/EEE4022F/ST Sensor/examples/Drivers/BSP/SensorTileBoxPro/SensorTileBoxPro_gg.c:324:18:BSP_GG_GetSOC	24	static
C:/Users/dante/OneDrive/Documents/UCT/EEE4022F/ST Sensor/examples/Drivers/BSP/SensorTileBoxPro/SensorTileBoxPro_gg.c:352:18:BSP_GG_GetChargeValue	24	static
C:/Users/dante/OneDrive/Documents/UCT/EEE4022F/ST Sensor/examples/Drivers/BSP/SensorTileBoxPro/SensorTileBoxPro_gg.c:380:18:BSP_GG_GetPresence	24	static
C:/Users/dante/OneDrive/Documents/UCT/EEE4022F/ST Sensor/examples/Drivers/BSP/SensorTileBoxPro/SensorTileBoxPro_gg.c:408:18:BSP_GG_GetCurrent	24	static
C:/Users/dante/OneDrive/Documents/UCT/EEE4022F/ST Sensor/examples/Drivers/BSP/SensorTileBoxPro/SensorTileBoxPro_gg.c:436:18:BSP_GG_GetVoltage	24	static
C:/Users/dante/OneDrive/Documents/UCT/EEE4022F/ST Sensor/examples/Drivers/BSP/SensorTileBoxPro/SensorTileBoxPro_gg.c:464:18:BSP_GG_GetTemperature	24	static
C:/Users/dante/OneDrive/Documents/UCT/EEE4022F/ST Sensor/examples/Drivers/BSP/SensorTileBoxPro/SensorTileBoxPro_gg.c:491:18:BSP_GG_GetRemTime	24	static
C:/Users/dante/OneDrive/Documents/UCT/EEE4022F/ST Sensor/examples/Drivers/BSP/SensorTileBoxPro/SensorTileBoxPro_gg.c:524:9:Sensor_IO_Write	32	static
C:/Users/dante/OneDrive/Documents/UCT/EEE4022F/ST Sensor/examples/Drivers/BSP/SensorTileBoxPro/SensorTileBoxPro_gg.c:547:9:Sensor_IO_Read	32	static
C:/Users/dante/OneDrive/Documents/UCT/EEE4022F/ST Sensor/examples/Drivers/BSP/SensorTileBoxPro/SensorTileBoxPro_gg.c:567:18:BSP_GG_BatteryInfoGet	48	static
