C:/Users/dante/OneDrive/Documents/UCT/EEE4022F/ST Sensor/examples/Projects/STEVAL-MKBOXPRO/Applications/BLESensorsPnPL/Src/App_model.c:56:13:getAppModel	4	static
C:/Users/dante/OneDrive/Documents/UCT/EEE4022F/ST Sensor/examples/Projects/STEVAL-MKBOXPRO/Applications/BLESensorsPnPL/Src/App_model.c:64:9:environmental_comp_init	8	static
C:/Users/dante/OneDrive/Documents/UCT/EEE4022F/ST Sensor/examples/Projects/STEVAL-MKBOXPRO/Applications/BLESensorsPnPL/Src/App_model.c:71:7:environmental_get_key	4	static
C:/Users/dante/OneDrive/Documents/UCT/EEE4022F/ST Sensor/examples/Projects/STEVAL-MKBOXPRO/Applications/BLESensorsPnPL/Src/App_model.c:76:9:environmental_get_samplerate	16	static
C:/Users/dante/OneDrive/Documents/UCT/EEE4022F/ST Sensor/examples/Projects/STEVAL-MKBOXPRO/Applications/BLESensorsPnPL/Src/App_model.c:82:9:environmental_set_samplerate	24	static
C:/Users/dante/OneDrive/Documents/UCT/EEE4022F/ST Sensor/examples/Projects/STEVAL-MKBOXPRO/Applications/BLESensorsPnPL/Src/App_model.c:120:9:inertial_comp_init	8	static
C:/Users/dante/OneDrive/Documents/UCT/EEE4022F/ST Sensor/examples/Projects/STEVAL-MKBOXPRO/Applications/BLESensorsPnPL/Src/App_model.c:127:7:inertial_get_key	4	static
C:/Users/dante/OneDrive/Documents/UCT/EEE4022F/ST Sensor/examples/Projects/STEVAL-MKBOXPRO/Applications/BLESensorsPnPL/Src/App_model.c:132:9:inertial_get_samplerate	16	static
C:/Users/dante/OneDrive/Documents/UCT/EEE4022F/ST Sensor/examples/Projects/STEVAL-MKBOXPRO/Applications/BLESensorsPnPL/Src/App_model.c:138:9:inertial_get_change_acc	16	static
C:/Users/dante/OneDrive/Documents/UCT/EEE4022F/ST Sensor/examples/Projects/STEVAL-MKBOXPRO/Applications/BLESensorsPnPL/Src/App_model.c:148:9:inertial_set_samplerate	24	static
C:/Users/dante/OneDrive/Documents/UCT/EEE4022F/ST Sensor/examples/Projects/STEVAL-MKBOXPRO/Applications/BLESensorsPnPL/Src/App_model.c:184:9:inertial_set_change_acc	16	static
C:/Users/dante/OneDrive/Documents/UCT/EEE4022F/ST Sensor/examples/Projects/STEVAL-MKBOXPRO/Applications/BLESensorsPnPL/Src/App_model.c:198:9:control_comp_init	8	static
C:/Users/dante/OneDrive/Documents/UCT/EEE4022F/ST Sensor/examples/Projects/STEVAL-MKBOXPRO/Applications/BLESensorsPnPL/Src/App_model.c:205:7:control_get_key	4	static
C:/Users/dante/OneDrive/Documents/UCT/EEE4022F/ST Sensor/examples/Projects/STEVAL-MKBOXPRO/Applications/BLESensorsPnPL/Src/App_model.c:210:9:control_get_fw_status	16	static
C:/Users/dante/OneDrive/Documents/UCT/EEE4022F/ST Sensor/examples/Projects/STEVAL-MKBOXPRO/Applications/BLESensorsPnPL/Src/App_model.c:223:9:control_pause_resume	104	static
C:/Users/dante/OneDrive/Documents/UCT/EEE4022F/ST Sensor/examples/Projects/STEVAL-MKBOXPRO/Applications/BLESensorsPnPL/Src/App_model.c:282:9:configuration_comp_init	8	static
C:/Users/dante/OneDrive/Documents/UCT/EEE4022F/ST Sensor/examples/Projects/STEVAL-MKBOXPRO/Applications/BLESensorsPnPL/Src/App_model.c:289:7:configuration_get_key	4	static
C:/Users/dante/OneDrive/Documents/UCT/EEE4022F/ST Sensor/examples/Projects/STEVAL-MKBOXPRO/Applications/BLESensorsPnPL/Src/App_model.c:294:9:configuration_get_version_fw	32	static
C:/Users/dante/OneDrive/Documents/UCT/EEE4022F/ST Sensor/examples/Projects/STEVAL-MKBOXPRO/Applications/BLESensorsPnPL/Src/App_model.c:307:9:configuration_get_board_name	16	static
C:/Users/dante/OneDrive/Documents/UCT/EEE4022F/ST Sensor/examples/Projects/STEVAL-MKBOXPRO/Applications/BLESensorsPnPL/Src/App_model.c:315:9:configuration_set_board_name	40	static
C:/Users/dante/OneDrive/Documents/UCT/EEE4022F/ST Sensor/examples/Projects/STEVAL-MKBOXPRO/Applications/BLESensorsPnPL/Src/App_model.c:332:9:DeviceInformation_comp_init	4	static
C:/Users/dante/OneDrive/Documents/UCT/EEE4022F/ST Sensor/examples/Projects/STEVAL-MKBOXPRO/Applications/BLESensorsPnPL/Src/App_model.c:338:7:DeviceInformation_get_key	4	static
C:/Users/dante/OneDrive/Documents/UCT/EEE4022F/ST Sensor/examples/Projects/STEVAL-MKBOXPRO/Applications/BLESensorsPnPL/Src/App_model.c:343:9:DeviceInformation_get_manufacturer	16	static
C:/Users/dante/OneDrive/Documents/UCT/EEE4022F/ST Sensor/examples/Projects/STEVAL-MKBOXPRO/Applications/BLESensorsPnPL/Src/App_model.c:352:9:DeviceInformation_get_model	16	static
C:/Users/dante/OneDrive/Documents/UCT/EEE4022F/ST Sensor/examples/Projects/STEVAL-MKBOXPRO/Applications/BLESensorsPnPL/Src/App_model.c:361:9:DeviceInformation_get_swVersion	32	static
C:/Users/dante/OneDrive/Documents/UCT/EEE4022F/ST Sensor/examples/Projects/STEVAL-MKBOXPRO/Applications/BLESensorsPnPL/Src/App_model.c:374:9:DeviceInformation_get_osName	16	static
C:/Users/dante/OneDrive/Documents/UCT/EEE4022F/ST Sensor/examples/Projects/STEVAL-MKBOXPRO/Applications/BLESensorsPnPL/Src/App_model.c:382:9:DeviceInformation_get_processorArchitecture	16	static
C:/Users/dante/OneDrive/Documents/UCT/EEE4022F/ST Sensor/examples/Projects/STEVAL-MKBOXPRO/Applications/BLESensorsPnPL/Src/App_model.c:390:9:DeviceInformation_get_processorManufacturer	16	static
C:/Users/dante/OneDrive/Documents/UCT/EEE4022F/ST Sensor/examples/Projects/STEVAL-MKBOXPRO/Applications/BLESensorsPnPL/Src/App_model.c:398:9:DeviceInformation_get_totalStorage	16	static
C:/Users/dante/OneDrive/Documents/UCT/EEE4022F/ST Sensor/examples/Projects/STEVAL-MKBOXPRO/Applications/BLESensorsPnPL/Src/App_model.c:404:9:DeviceInformation_get_totalMemory	16	static
