C:/Users/dante/OneDrive/Documents/UCT/EEE4022F/ST Sensor/examples/Projects/STEVAL-MKBOXPRO/Applications/BLESensorsPnPL/Src/app_blesensorspnpl.c:138:6:MX_BLESensorsPnPL_Init	24	static
C:/Users/dante/OneDrive/Documents/UCT/EEE4022F/ST Sensor/examples/Projects/STEVAL-MKBOXPRO/Applications/BLESensorsPnPL/Src/app_blesensorspnpl.c:234:6:MX_BLESensorsPnPL_Process	56	static,ignoring_inline_asm
C:/Users/dante/OneDrive/Documents/UCT/EEE4022F/ST Sensor/examples/Projects/STEVAL-MKBOXPRO/Applications/BLESensorsPnPL/Src/app_blesensorspnpl.c:423:13:periodicAdvProcess	4	static
C:/Users/dante/OneDrive/Documents/UCT/EEE4022F/ST Sensor/examples/Projects/STEVAL-MKBOXPRO/Applications/BLESensorsPnPL/Src/app_blesensorspnpl.c:494:13:InitMemsSensors	32	static
C:/Users/dante/OneDrive/Documents/UCT/EEE4022F/ST Sensor/examples/Projects/STEVAL-MKBOXPRO/Applications/BLESensorsPnPL/Src/app_blesensorspnpl.c:604:13:SendBatteryInfoData	40	static
C:/Users/dante/OneDrive/Documents/UCT/EEE4022F/ST Sensor/examples/Projects/STEVAL-MKBOXPRO/Applications/BLESensorsPnPL/Src/app_blesensorspnpl.c:647:13:InitTimers	40	static
C:/Users/dante/OneDrive/Documents/UCT/EEE4022F/ST Sensor/examples/Projects/STEVAL-MKBOXPRO/Applications/BLESensorsPnPL/Src/app_blesensorspnpl.c:726:13:User_Init	64	static
C:/Users/dante/OneDrive/Documents/UCT/EEE4022F/ST Sensor/examples/Projects/STEVAL-MKBOXPRO/Applications/BLESensorsPnPL/Src/app_blesensorspnpl.c:840:6:BSP_PB_Callback	16	static
C:/Users/dante/OneDrive/Documents/UCT/EEE4022F/ST Sensor/examples/Projects/STEVAL-MKBOXPRO/Applications/BLESensorsPnPL/Src/app_blesensorspnpl.c:851:13:PrintInfo	40	static
C:/Users/dante/OneDrive/Documents/UCT/EEE4022F/ST Sensor/examples/Projects/STEVAL-MKBOXPRO/Applications/BLESensorsPnPL/Src/app_blesensorspnpl.c:888:6:HAL_Delay	24	static,ignoring_inline_asm
C:/Users/dante/OneDrive/Documents/UCT/EEE4022F/ST Sensor/examples/Projects/STEVAL-MKBOXPRO/Applications/BLESensorsPnPL/Src/app_blesensorspnpl.c:902:6:STBOX1_Error_Handler	32	static
C:/Users/dante/OneDrive/Documents/UCT/EEE4022F/ST Sensor/examples/Projects/STEVAL-MKBOXPRO/Applications/BLESensorsPnPL/Src/app_blesensorspnpl.c:934:20:BSP_CheckFinishGood	16	static
