C:/Users/dante/OneDrive/Documents/UCT/EEE4022F/ST Sensor/examples/Projects/STEVAL-MKBOXPRO/Applications/BLESensorsPnPL/Src/steval_mkboxpro.c:97:9:BSP_GetVersion	4	static
C:/Users/dante/OneDrive/Documents/UCT/EEE4022F/ST Sensor/examples/Projects/STEVAL-MKBOXPRO/Applications/BLESensorsPnPL/Src/steval_mkboxpro.c:109:9:BSP_LED_Init	16	static
C:/Users/dante/OneDrive/Documents/UCT/EEE4022F/ST Sensor/examples/Projects/STEVAL-MKBOXPRO/Applications/BLESensorsPnPL/Src/steval_mkboxpro.c:124:9:BSP_LED_DeInit	40	static
C:/Users/dante/OneDrive/Documents/UCT/EEE4022F/ST Sensor/examples/Projects/STEVAL-MKBOXPRO/Applications/BLESensorsPnPL/Src/steval_mkboxpro.c:147:9:BSP_LED_On	16	static
C:/Users/dante/OneDrive/Documents/UCT/EEE4022F/ST Sensor/examples/Projects/STEVAL-MKBOXPRO/Applications/BLESensorsPnPL/Src/steval_mkboxpro.c:164:9:BSP_LED_Off	16	static
C:/Users/dante/OneDrive/Documents/UCT/EEE4022F/ST Sensor/examples/Projects/STEVAL-MKBOXPRO/Applications/BLESensorsPnPL/Src/steval_mkboxpro.c:181:9:BSP_LED_Toggle	16	static
C:/Users/dante/OneDrive/Documents/UCT/EEE4022F/ST Sensor/examples/Projects/STEVAL-MKBOXPRO/Applications/BLESensorsPnPL/Src/steval_mkboxpro.c:198:9:BSP_LED_GetState	16	static
C:/Users/dante/OneDrive/Documents/UCT/EEE4022F/ST Sensor/examples/Projects/STEVAL-MKBOXPRO/Applications/BLESensorsPnPL/Src/steval_mkboxpro.c:210:13:LED_USER__BLUE_GPIO_Init	40	static
C:/Users/dante/OneDrive/Documents/UCT/EEE4022F/ST Sensor/examples/Projects/STEVAL-MKBOXPRO/Applications/BLESensorsPnPL/Src/steval_mkboxpro.c:236:13:LED_USER__RED_GPIO_Init	40	static
C:/Users/dante/OneDrive/Documents/UCT/EEE4022F/ST Sensor/examples/Projects/STEVAL-MKBOXPRO/Applications/BLESensorsPnPL/Src/steval_mkboxpro.c:262:13:LED_USER__YELLOW_GPIO_Init	40	static
C:/Users/dante/OneDrive/Documents/UCT/EEE4022F/ST Sensor/examples/Projects/STEVAL-MKBOXPRO/Applications/BLESensorsPnPL/Src/steval_mkboxpro.c:288:13:LED_USER__GREEN_GPIO_Init	40	static
C:/Users/dante/OneDrive/Documents/UCT/EEE4022F/ST Sensor/examples/Projects/STEVAL-MKBOXPRO/Applications/BLESensorsPnPL/Src/steval_mkboxpro.c:322:9:BSP_PB_Init	24	static
C:/Users/dante/OneDrive/Documents/UCT/EEE4022F/ST Sensor/examples/Projects/STEVAL-MKBOXPRO/Applications/BLESensorsPnPL/Src/steval_mkboxpro.c:362:9:BSP_PB_DeInit	40	static
C:/Users/dante/OneDrive/Documents/UCT/EEE4022F/ST Sensor/examples/Projects/STEVAL-MKBOXPRO/Applications/BLESensorsPnPL/Src/steval_mkboxpro.c:380:9:BSP_PB_GetState	16	static
C:/Users/dante/OneDrive/Documents/UCT/EEE4022F/ST Sensor/examples/Projects/STEVAL-MKBOXPRO/Applications/BLESensorsPnPL/Src/steval_mkboxpro.c:389:6:BSP_PB_IRQHandler	16	static
C:/Users/dante/OneDrive/Documents/UCT/EEE4022F/ST Sensor/examples/Projects/STEVAL-MKBOXPRO/Applications/BLESensorsPnPL/Src/steval_mkboxpro.c:399:13:BSP_PB_Callback	16	static
C:/Users/dante/OneDrive/Documents/UCT/EEE4022F/ST Sensor/examples/Projects/STEVAL-MKBOXPRO/Applications/BLESensorsPnPL/Src/steval_mkboxpro.c:412:13:BUTTON_USER_EXTI_Callback	8	static
C:/Users/dante/OneDrive/Documents/UCT/EEE4022F/ST Sensor/examples/Projects/STEVAL-MKBOXPRO/Applications/BLESensorsPnPL/Src/steval_mkboxpro.c:421:13:BUTTON_USER_GPIO_Init	40	static
C:/Users/dante/OneDrive/Documents/UCT/EEE4022F/ST Sensor/examples/Projects/STEVAL-MKBOXPRO/Applications/BLESensorsPnPL/Src/steval_mkboxpro.c:456:9:BSP_COM_Init	24	static
C:/Users/dante/OneDrive/Documents/UCT/EEE4022F/ST Sensor/examples/Projects/STEVAL-MKBOXPRO/Applications/BLESensorsPnPL/Src/steval_mkboxpro.c:494:9:BSP_COM_DeInit	24	static
C:/Users/dante/OneDrive/Documents/UCT/EEE4022F/ST Sensor/examples/Projects/STEVAL-MKBOXPRO/Applications/BLESensorsPnPL/Src/steval_mkboxpro.c:531:26:MX_UART4_Init	24	static
C:/Users/dante/OneDrive/Documents/UCT/EEE4022F/ST Sensor/examples/Projects/STEVAL-MKBOXPRO/Applications/BLESensorsPnPL/Src/steval_mkboxpro.c:651:9:BSP_COM_SelectLogPort	16	static
C:/Users/dante/OneDrive/Documents/UCT/EEE4022F/ST Sensor/examples/Projects/STEVAL-MKBOXPRO/Applications/BLESensorsPnPL/Src/steval_mkboxpro.c:697:5:__io_putchar	16	static
C:/Users/dante/OneDrive/Documents/UCT/EEE4022F/ST Sensor/examples/Projects/STEVAL-MKBOXPRO/Applications/BLESensorsPnPL/Src/steval_mkboxpro.c:710:13:UART4_MspInit	248	static
C:/Users/dante/OneDrive/Documents/UCT/EEE4022F/ST Sensor/examples/Projects/STEVAL-MKBOXPRO/Applications/BLESensorsPnPL/Src/steval_mkboxpro.c:751:13:UART4_MspDeInit	16	static
