C:/Users/dante/OneDrive/Documents/UCT/EEE4022F/ST Sensor/examples/Projects/STEVAL-MKBOXPRO/Applications/BLESensorsPnPL/Src/stm32u5xx_it.c:77:6:NMI_Handler	4	static
C:/Users/dante/OneDrive/Documents/UCT/EEE4022F/ST Sensor/examples/Projects/STEVAL-MKBOXPRO/Applications/BLESensorsPnPL/Src/stm32u5xx_it.c:92:6:HardFault_Handler	4	static
C:/Users/dante/OneDrive/Documents/UCT/EEE4022F/ST Sensor/examples/Projects/STEVAL-MKBOXPRO/Applications/BLESensorsPnPL/Src/stm32u5xx_it.c:107:6:MemManage_Handler	4	static
C:/Users/dante/OneDrive/Documents/UCT/EEE4022F/ST Sensor/examples/Projects/STEVAL-MKBOXPRO/Applications/BLESensorsPnPL/Src/stm32u5xx_it.c:122:6:BusFault_Handler	4	static
C:/Users/dante/OneDrive/Documents/UCT/EEE4022F/ST Sensor/examples/Projects/STEVAL-MKBOXPRO/Applications/BLESensorsPnPL/Src/stm32u5xx_it.c:137:6:UsageFault_Handler	4	static
C:/Users/dante/OneDrive/Documents/UCT/EEE4022F/ST Sensor/examples/Projects/STEVAL-MKBOXPRO/Applications/BLESensorsPnPL/Src/stm32u5xx_it.c:152:6:SVC_Handler	4	static
C:/Users/dante/OneDrive/Documents/UCT/EEE4022F/ST Sensor/examples/Projects/STEVAL-MKBOXPRO/Applications/BLESensorsPnPL/Src/stm32u5xx_it.c:165:6:DebugMon_Handler	4	static
C:/Users/dante/OneDrive/Documents/UCT/EEE4022F/ST Sensor/examples/Projects/STEVAL-MKBOXPRO/Applications/BLESensorsPnPL/Src/stm32u5xx_it.c:178:6:PendSV_Handler	4	static
C:/Users/dante/OneDrive/Documents/UCT/EEE4022F/ST Sensor/examples/Projects/STEVAL-MKBOXPRO/Applications/BLESensorsPnPL/Src/stm32u5xx_it.c:191:6:SysTick_Handler	8	static
C:/Users/dante/OneDrive/Documents/UCT/EEE4022F/ST Sensor/examples/Projects/STEVAL-MKBOXPRO/Applications/BLESensorsPnPL/Src/stm32u5xx_it.c:212:6:EXTI0_IRQHandler	8	static
C:/Users/dante/OneDrive/Documents/UCT/EEE4022F/ST Sensor/examples/Projects/STEVAL-MKBOXPRO/Applications/BLESensorsPnPL/Src/stm32u5xx_it.c:226:6:EXTI1_IRQHandler	8	static
C:/Users/dante/OneDrive/Documents/UCT/EEE4022F/ST Sensor/examples/Projects/STEVAL-MKBOXPRO/Applications/BLESensorsPnPL/Src/stm32u5xx_it.c:240:6:EXTI2_IRQHandler	8	static
C:/Users/dante/OneDrive/Documents/UCT/EEE4022F/ST Sensor/examples/Projects/STEVAL-MKBOXPRO/Applications/BLESensorsPnPL/Src/stm32u5xx_it.c:254:6:EXTI3_IRQHandler	8	static
C:/Users/dante/OneDrive/Documents/UCT/EEE4022F/ST Sensor/examples/Projects/STEVAL-MKBOXPRO/Applications/BLESensorsPnPL/Src/stm32u5xx_it.c:268:6:EXTI4_IRQHandler	8	static
C:/Users/dante/OneDrive/Documents/UCT/EEE4022F/ST Sensor/examples/Projects/STEVAL-MKBOXPRO/Applications/BLESensorsPnPL/Src/stm32u5xx_it.c:282:6:EXTI5_IRQHandler	8	static
C:/Users/dante/OneDrive/Documents/UCT/EEE4022F/ST Sensor/examples/Projects/STEVAL-MKBOXPRO/Applications/BLESensorsPnPL/Src/stm32u5xx_it.c:296:6:EXTI6_IRQHandler	8	static
C:/Users/dante/OneDrive/Documents/UCT/EEE4022F/ST Sensor/examples/Projects/STEVAL-MKBOXPRO/Applications/BLESensorsPnPL/Src/stm32u5xx_it.c:310:6:EXTI8_IRQHandler	8	static
C:/Users/dante/OneDrive/Documents/UCT/EEE4022F/ST Sensor/examples/Projects/STEVAL-MKBOXPRO/Applications/BLESensorsPnPL/Src/stm32u5xx_it.c:324:6:EXTI11_IRQHandler	8	static
C:/Users/dante/OneDrive/Documents/UCT/EEE4022F/ST Sensor/examples/Projects/STEVAL-MKBOXPRO/Applications/BLESensorsPnPL/Src/stm32u5xx_it.c:338:6:EXTI13_IRQHandler	8	static
C:/Users/dante/OneDrive/Documents/UCT/EEE4022F/ST Sensor/examples/Projects/STEVAL-MKBOXPRO/Applications/BLESensorsPnPL/Src/stm32u5xx_it.c:352:6:EXTI15_IRQHandler	8	static
C:/Users/dante/OneDrive/Documents/UCT/EEE4022F/ST Sensor/examples/Projects/STEVAL-MKBOXPRO/Applications/BLESensorsPnPL/Src/stm32u5xx_it.c:366:6:GPDMA1_Channel0_IRQHandler	8	static
C:/Users/dante/OneDrive/Documents/UCT/EEE4022F/ST Sensor/examples/Projects/STEVAL-MKBOXPRO/Applications/BLESensorsPnPL/Src/stm32u5xx_it.c:380:6:GPDMA1_Channel1_IRQHandler	8	static
C:/Users/dante/OneDrive/Documents/UCT/EEE4022F/ST Sensor/examples/Projects/STEVAL-MKBOXPRO/Applications/BLESensorsPnPL/Src/stm32u5xx_it.c:394:6:GPDMA1_Channel2_IRQHandler	8	static
C:/Users/dante/OneDrive/Documents/UCT/EEE4022F/ST Sensor/examples/Projects/STEVAL-MKBOXPRO/Applications/BLESensorsPnPL/Src/stm32u5xx_it.c:408:6:GPDMA1_Channel3_IRQHandler	8	static
C:/Users/dante/OneDrive/Documents/UCT/EEE4022F/ST Sensor/examples/Projects/STEVAL-MKBOXPRO/Applications/BLESensorsPnPL/Src/stm32u5xx_it.c:422:6:TIM1_CC_IRQHandler	8	static
C:/Users/dante/OneDrive/Documents/UCT/EEE4022F/ST Sensor/examples/Projects/STEVAL-MKBOXPRO/Applications/BLESensorsPnPL/Src/stm32u5xx_it.c:436:6:I2C1_EV_IRQHandler	8	static
C:/Users/dante/OneDrive/Documents/UCT/EEE4022F/ST Sensor/examples/Projects/STEVAL-MKBOXPRO/Applications/BLESensorsPnPL/Src/stm32u5xx_it.c:450:6:I2C1_ER_IRQHandler	8	static
C:/Users/dante/OneDrive/Documents/UCT/EEE4022F/ST Sensor/examples/Projects/STEVAL-MKBOXPRO/Applications/BLESensorsPnPL/Src/stm32u5xx_it.c:464:6:I2C2_EV_IRQHandler	8	static
C:/Users/dante/OneDrive/Documents/UCT/EEE4022F/ST Sensor/examples/Projects/STEVAL-MKBOXPRO/Applications/BLESensorsPnPL/Src/stm32u5xx_it.c:478:6:I2C2_ER_IRQHandler	8	static
C:/Users/dante/OneDrive/Documents/UCT/EEE4022F/ST Sensor/examples/Projects/STEVAL-MKBOXPRO/Applications/BLESensorsPnPL/Src/stm32u5xx_it.c:492:6:SPI2_IRQHandler	8	static
C:/Users/dante/OneDrive/Documents/UCT/EEE4022F/ST Sensor/examples/Projects/STEVAL-MKBOXPRO/Applications/BLESensorsPnPL/Src/stm32u5xx_it.c:506:6:I2C4_EV_IRQHandler	8	static
C:/Users/dante/OneDrive/Documents/UCT/EEE4022F/ST Sensor/examples/Projects/STEVAL-MKBOXPRO/Applications/BLESensorsPnPL/Src/stm32u5xx_it.c:520:6:I2C4_ER_IRQHandler	8	static
