C:/Users/dante/OneDrive/Documents/UCT/EEE4022F/ST Sensor/examples/Drivers/BSP/Components/stc3115/STC3115_Driver.c:155:25:STC3115_Init	112	static
C:/Users/dante/OneDrive/Documents/UCT/EEE4022F/ST Sensor/examples/Drivers/BSP/Components/stc3115/STC3115_Driver.c:264:25:STC3115_DeInit	16	static
C:/Users/dante/OneDrive/Documents/UCT/EEE4022F/ST Sensor/examples/Drivers/BSP/Components/stc3115/STC3115_Driver.c:302:25:STC3115_Get_WhoAmI	16	static
C:/Users/dante/OneDrive/Documents/UCT/EEE4022F/ST Sensor/examples/Drivers/BSP/Components/stc3115/STC3115_Driver.c:320:25:STC3115_Task	32	static
C:/Users/dante/OneDrive/Documents/UCT/EEE4022F/ST Sensor/examples/Drivers/BSP/Components/stc3115/STC3115_Driver.c:472:25:STC3115_Reset	32	static
C:/Users/dante/OneDrive/Documents/UCT/EEE4022F/ST Sensor/examples/Drivers/BSP/Components/stc3115/STC3115_Driver.c:494:25:STC3115_Stop	24	static
C:/Users/dante/OneDrive/Documents/UCT/EEE4022F/ST Sensor/examples/Drivers/BSP/Components/stc3115/STC3115_Driver.c:518:25:STC3115_GetSOC	16	static
C:/Users/dante/OneDrive/Documents/UCT/EEE4022F/ST Sensor/examples/Drivers/BSP/Components/stc3115/STC3115_Driver.c:529:25:STC3115_GetOCV	16	static
C:/Users/dante/OneDrive/Documents/UCT/EEE4022F/ST Sensor/examples/Drivers/BSP/Components/stc3115/STC3115_Driver.c:540:25:STC3115_GetCurrent	16	static
C:/Users/dante/OneDrive/Documents/UCT/EEE4022F/ST Sensor/examples/Drivers/BSP/Components/stc3115/STC3115_Driver.c:551:25:STC3115_GetTemperature	16	static
C:/Users/dante/OneDrive/Documents/UCT/EEE4022F/ST Sensor/examples/Drivers/BSP/Components/stc3115/STC3115_Driver.c:562:25:STC3115_GetVoltage	16	static
C:/Users/dante/OneDrive/Documents/UCT/EEE4022F/ST Sensor/examples/Drivers/BSP/Components/stc3115/STC3115_Driver.c:573:25:STC3115_GetChargeValue	16	static
C:/Users/dante/OneDrive/Documents/UCT/EEE4022F/ST Sensor/examples/Drivers/BSP/Components/stc3115/STC3115_Driver.c:584:25:STC3115_GetPresence	16	static
C:/Users/dante/OneDrive/Documents/UCT/EEE4022F/ST Sensor/examples/Drivers/BSP/Components/stc3115/STC3115_Driver.c:595:25:STC3115_GetAlarmStatus	16	static
C:/Users/dante/OneDrive/Documents/UCT/EEE4022F/ST Sensor/examples/Drivers/BSP/Components/stc3115/STC3115_Driver.c:607:25:STC3115_GetRemTime	16	static
C:/Users/dante/OneDrive/Documents/UCT/EEE4022F/ST Sensor/examples/Drivers/BSP/Components/stc3115/STC3115_Driver.c:619:12:STC3115_Status	24	static
C:/Users/dante/OneDrive/Documents/UCT/EEE4022F/ST Sensor/examples/Drivers/BSP/Components/stc3115/STC3115_Driver.c:649:12:STC3115_CalcRamCRC8	32	static
C:/Users/dante/OneDrive/Documents/UCT/EEE4022F/ST Sensor/examples/Drivers/BSP/Components/stc3115/STC3115_Driver.c:672:12:STC3115_UpdateRamCRC	24	static
C:/Users/dante/OneDrive/Documents/UCT/EEE4022F/ST Sensor/examples/Drivers/BSP/Components/stc3115/STC3115_Driver.c:688:13:STC3115_InitRamData	24	static
C:/Users/dante/OneDrive/Documents/UCT/EEE4022F/ST Sensor/examples/Drivers/BSP/Components/stc3115/STC3115_Driver.c:712:12:STC3115_WriteRamData	16	static
C:/Users/dante/OneDrive/Documents/UCT/EEE4022F/ST Sensor/examples/Drivers/BSP/Components/stc3115/STC3115_Driver.c:730:12:STC3115_ReadRamData	16	static
C:/Users/dante/OneDrive/Documents/UCT/EEE4022F/ST Sensor/examples/Drivers/BSP/Components/stc3115/STC3115_Driver.c:747:12:STC3115_ReadBatteryData	40	static
C:/Users/dante/OneDrive/Documents/UCT/EEE4022F/ST Sensor/examples/Drivers/BSP/Components/stc3115/STC3115_Driver.c:812:12:STC3115_Restore	24	static
C:/Users/dante/OneDrive/Documents/UCT/EEE4022F/ST Sensor/examples/Drivers/BSP/Components/stc3115/STC3115_Driver.c:841:12:STC3115_Powerdown	24	static
C:/Users/dante/OneDrive/Documents/UCT/EEE4022F/ST Sensor/examples/Drivers/BSP/Components/stc3115/STC3115_Driver.c:864:12:STC3115_conv	24	static
C:/Users/dante/OneDrive/Documents/UCT/EEE4022F/ST Sensor/examples/Drivers/BSP/Components/stc3115/STC3115_Driver.c:879:12:STC3115_Startup	24	static
C:/Users/dante/OneDrive/Documents/UCT/EEE4022F/ST Sensor/examples/Drivers/BSP/Components/stc3115/STC3115_Driver.c:907:12:STC3115_Read	24	static
C:/Users/dante/OneDrive/Documents/UCT/EEE4022F/ST Sensor/examples/Drivers/BSP/Components/stc3115/STC3115_Driver.c:925:12:STC3115_Write	24	static
C:/Users/dante/OneDrive/Documents/UCT/EEE4022F/ST Sensor/examples/Drivers/BSP/Components/stc3115/STC3115_Driver.c:943:12:STC3115_ReadWord	32	static
C:/Users/dante/OneDrive/Documents/UCT/EEE4022F/ST Sensor/examples/Drivers/BSP/Components/stc3115/STC3115_Driver.c:965:12:STC3115_WriteWord	32	static
C:/Users/dante/OneDrive/Documents/UCT/EEE4022F/ST Sensor/examples/Drivers/BSP/Components/stc3115/STC3115_Driver.c:984:25:STC3115_SetParam	24	static
