C:/Users/dante/OneDrive/Documents/UCT/EEE4022F/ST Sensor/examples/Middlewares/ST/STM32_BLE_Manager/Src/BLE_Manager.c:347:19:BLE_Manager_AddConfigService	112	static
C:/Users/dante/OneDrive/Documents/UCT/EEE4022F/ST Sensor/examples/Middlewares/ST/STM32_BLE_Manager/Src/BLE_Manager.c:413:19:BLE_Manager_AddConsoleService	112	static
C:/Users/dante/OneDrive/Documents/UCT/EEE4022F/ST Sensor/examples/Middlewares/ST/STM32_BLE_Manager/Src/BLE_Manager.c:514:19:UpdateTermStdOut	16	static
C:/Users/dante/OneDrive/Documents/UCT/EEE4022F/ST Sensor/examples/Middlewares/ST/STM32_BLE_Manager/Src/BLE_Manager.c:530:19:UpdateTermStdErr	16	static
C:/Users/dante/OneDrive/Documents/UCT/EEE4022F/ST Sensor/examples/Middlewares/ST/STM32_BLE_Manager/Src/BLE_Manager.c:622:13:Read_Request_Term	32	static
C:/Users/dante/OneDrive/Documents/UCT/EEE4022F/ST Sensor/examples/Middlewares/ST/STM32_BLE_Manager/Src/BLE_Manager.c:661:13:Read_Request_StdErr	32	static
C:/Users/dante/OneDrive/Documents/UCT/EEE4022F/ST Sensor/examples/Middlewares/ST/STM32_BLE_Manager/Src/BLE_Manager.c:697:13:AttrMod_Request_Config	24	static
C:/Users/dante/OneDrive/Documents/UCT/EEE4022F/ST Sensor/examples/Middlewares/ST/STM32_BLE_Manager/Src/BLE_Manager.c:743:13:Write_Request_Config	24	static
C:/Users/dante/OneDrive/Documents/UCT/EEE4022F/ST Sensor/examples/Middlewares/ST/STM32_BLE_Manager/Src/BLE_Manager.c:767:13:AttrMod_Request_StdErr	24	static
C:/Users/dante/OneDrive/Documents/UCT/EEE4022F/ST Sensor/examples/Middlewares/ST/STM32_BLE_Manager/Src/BLE_Manager.c:794:13:AttrMod_Request_Term	24	static
C:/Users/dante/OneDrive/Documents/UCT/EEE4022F/ST Sensor/examples/Middlewares/ST/STM32_BLE_Manager/Src/BLE_Manager.c:823:13:AttrMod_Request_ExtConfig	24	static
C:/Users/dante/OneDrive/Documents/UCT/EEE4022F/ST Sensor/examples/Middlewares/ST/STM32_BLE_Manager/Src/BLE_Manager.c:850:13:Write_Request_ExtConfig	2384	static
C:/Users/dante/OneDrive/Documents/UCT/EEE4022F/ST Sensor/examples/Middlewares/ST/STM32_BLE_Manager/Src/BLE_Manager.c:1366:27:ParseCustomCommand	56	static
C:/Users/dante/OneDrive/Documents/UCT/EEE4022F/ST Sensor/examples/Middlewares/ST/STM32_BLE_Manager/Src/BLE_Manager.c:1491:6:GenericClearCustomCommandsList	16	static
C:/Users/dante/OneDrive/Documents/UCT/EEE4022F/ST Sensor/examples/Middlewares/ST/STM32_BLE_Manager/Src/BLE_Manager.c:1510:13:ClearSingleCommand	16	static
C:/Users/dante/OneDrive/Documents/UCT/EEE4022F/ST Sensor/examples/Middlewares/ST/STM32_BLE_Manager/Src/BLE_Manager.c:1539:9:GenericAddCustomCommand	72	static
C:/Users/dante/OneDrive/Documents/UCT/EEE4022F/ST Sensor/examples/Middlewares/ST/STM32_BLE_Manager/Src/BLE_Manager.c:1708:6:SendNewCustomCommandList	32	static
C:/Users/dante/OneDrive/Documents/UCT/EEE4022F/ST Sensor/examples/Middlewares/ST/STM32_BLE_Manager/Src/BLE_Manager.c:1738:13:SendError	32	static
C:/Users/dante/OneDrive/Documents/UCT/EEE4022F/ST Sensor/examples/Middlewares/ST/STM32_BLE_Manager/Src/BLE_Manager.c:1763:6:SendInfo	32	static
C:/Users/dante/OneDrive/Documents/UCT/EEE4022F/ST Sensor/examples/Middlewares/ST/STM32_BLE_Manager/Src/BLE_Manager.c:1798:13:Write_Request_Term	32	static
C:/Users/dante/OneDrive/Documents/UCT/EEE4022F/ST Sensor/examples/Middlewares/ST/STM32_BLE_Manager/Src/BLE_Manager.c:1822:19:BLE_Manager_AddFeaturesService	112	static
C:/Users/dante/OneDrive/Documents/UCT/EEE4022F/ST Sensor/examples/Middlewares/ST/STM32_BLE_Manager/Src/BLE_Manager.c:1909:12:safe_aci_gatt_update_char_value	40	static
C:/Users/dante/OneDrive/Documents/UCT/EEE4022F/ST Sensor/examples/Middlewares/ST/STM32_BLE_Manager/Src/BLE_Manager.c:1955:33:BLE_ExtConfig_ExtractCommandType	40	static
C:/Users/dante/OneDrive/Documents/UCT/EEE4022F/ST Sensor/examples/Middlewares/ST/STM32_BLE_Manager/Src/BLE_Manager.c:1988:27:AskGenericCustomCommands	40	static
C:/Users/dante/OneDrive/Documents/UCT/EEE4022F/ST Sensor/examples/Middlewares/ST/STM32_BLE_Manager/Src/BLE_Manager.c:2037:19:BLE_UpdateExtConf	24	static
C:/Users/dante/OneDrive/Documents/UCT/EEE4022F/ST Sensor/examples/Middlewares/ST/STM32_BLE_Manager/Src/BLE_Manager.c:2069:12:BLE_ExtConfiguration_Update	40	static
C:/Users/dante/OneDrive/Documents/UCT/EEE4022F/ST Sensor/examples/Middlewares/ST/STM32_BLE_Manager/Src/BLE_Manager.c:2124:6:aci_gatt_tx_pool_available_event	16	static
C:/Users/dante/OneDrive/Documents/UCT/EEE4022F/ST Sensor/examples/Middlewares/ST/STM32_BLE_Manager/Src/BLE_Manager.c:2148:12:aci_gatt_update_char_value_wrapper	40	static
C:/Users/dante/OneDrive/Documents/UCT/EEE4022F/ST Sensor/examples/Middlewares/ST/STM32_BLE_Manager/Src/BLE_Manager.c:2183:12:Stderr_Update	24	static
C:/Users/dante/OneDrive/Documents/UCT/EEE4022F/ST Sensor/examples/Middlewares/ST/STM32_BLE_Manager/Src/BLE_Manager.c:2228:12:BLE_StdOutSendBuffer	32	static
C:/Users/dante/OneDrive/Documents/UCT/EEE4022F/ST Sensor/examples/Middlewares/ST/STM32_BLE_Manager/Src/BLE_Manager.c:2247:12:Term_Update	24	static
C:/Users/dante/OneDrive/Documents/UCT/EEE4022F/ST Sensor/examples/Middlewares/ST/STM32_BLE_Manager/Src/BLE_Manager.c:2294:12:Config_Update	24	static
C:/Users/dante/OneDrive/Documents/UCT/EEE4022F/ST Sensor/examples/Middlewares/ST/STM32_BLE_Manager/Src/BLE_Manager.c:2318:12:Config_Update_32	40	static
C:/Users/dante/OneDrive/Documents/UCT/EEE4022F/ST Sensor/examples/Middlewares/ST/STM32_BLE_Manager/Src/BLE_Manager.c:2485:6:setConnectable	16	static
C:/Users/dante/OneDrive/Documents/UCT/EEE4022F/ST Sensor/examples/Middlewares/ST/STM32_BLE_Manager/Src/BLE_Manager.c:2678:6:updateAdvData	16	static
C:/Users/dante/OneDrive/Documents/UCT/EEE4022F/ST Sensor/examples/Middlewares/ST/STM32_BLE_Manager/Src/BLE_Manager.c:2709:6:setNotConnectable	16	static
C:/Users/dante/OneDrive/Documents/UCT/EEE4022F/ST Sensor/examples/Middlewares/ST/STM32_BLE_Manager/Src/BLE_Manager.c:2735:9:BleManagerAddChar	24	static
C:/Users/dante/OneDrive/Documents/UCT/EEE4022F/ST Sensor/examples/Middlewares/ST/STM32_BLE_Manager/Src/BLE_Manager.c:2758:6:ResetBleManager	8	static
C:/Users/dante/OneDrive/Documents/UCT/EEE4022F/ST Sensor/examples/Middlewares/ST/STM32_BLE_Manager/Src/BLE_Manager.c:2773:13:ResetBleManagerCallbackFunctionPointer	4	static
C:/Users/dante/OneDrive/Documents/UCT/EEE4022F/ST Sensor/examples/Middlewares/ST/STM32_BLE_Manager/Src/BLE_Manager.c:2838:12:InitBleManager	16	static
C:/Users/dante/OneDrive/Documents/UCT/EEE4022F/ST Sensor/examples/Middlewares/ST/STM32_BLE_Manager/Src/BLE_Manager.c:3282:13:APP_UserEvtRx	48	static
C:/Users/dante/OneDrive/Documents/UCT/EEE4022F/ST Sensor/examples/Middlewares/ST/STM32_BLE_Manager/Src/BLE_Manager.c:3352:19:InitBleManager_BLE_Stack	56	static
C:/Users/dante/OneDrive/Documents/UCT/EEE4022F/ST Sensor/examples/Middlewares/ST/STM32_BLE_Manager/Src/BLE_Manager.c:3623:9:getBlueNRGVersion	48	static
C:/Users/dante/OneDrive/Documents/UCT/EEE4022F/ST Sensor/examples/Middlewares/ST/STM32_BLE_Manager/Src/BLE_Manager.c:3651:19:InitBleManagerServices	16	static
C:/Users/dante/OneDrive/Documents/UCT/EEE4022F/ST Sensor/examples/Middlewares/ST/STM32_BLE_Manager/Src/BLE_Manager.c:3780:10:BLE_Command_TP_Parse	48	static
C:/Users/dante/OneDrive/Documents/UCT/EEE4022F/ST Sensor/examples/Middlewares/ST/STM32_BLE_Manager/Src/BLE_Manager.c:3934:10:BLE_Command_TP_Encapsulate	48	static
C:/Users/dante/OneDrive/Documents/UCT/EEE4022F/ST Sensor/examples/Middlewares/ST/STM32_BLE_Manager/Src/BLE_Manager.c:4008:6:hci_le_connection_complete_event	48	static
C:/Users/dante/OneDrive/Documents/UCT/EEE4022F/ST Sensor/examples/Middlewares/ST/STM32_BLE_Manager/Src/BLE_Manager.c:4080:6:hci_disconnection_complete_event	16	static
C:/Users/dante/OneDrive/Documents/UCT/EEE4022F/ST Sensor/examples/Middlewares/ST/STM32_BLE_Manager/Src/BLE_Manager.c:4137:6:aci_gatt_srv_authorize_nwk_event	48	static
C:/Users/dante/OneDrive/Documents/UCT/EEE4022F/ST Sensor/examples/Middlewares/ST/STM32_BLE_Manager/Src/BLE_Manager.c:4175:6:aci_gatt_attribute_modified_event	48	static
C:/Users/dante/OneDrive/Documents/UCT/EEE4022F/ST Sensor/examples/Middlewares/ST/STM32_BLE_Manager/Src/BLE_Manager.c:4265:6:hci_le_enhanced_connection_complete_event	48	static
C:/Users/dante/OneDrive/Documents/UCT/EEE4022F/ST Sensor/examples/Middlewares/ST/STM32_BLE_Manager/Src/BLE_Manager.c:4295:6:aci_gatt_srv_attribute_modified_event	32	static
C:/Users/dante/OneDrive/Documents/UCT/EEE4022F/ST Sensor/examples/Middlewares/ST/STM32_BLE_Manager/Src/BLE_Manager.c:4315:6:aci_att_exchange_mtu_resp_event	16	static
C:/Users/dante/OneDrive/Documents/UCT/EEE4022F/ST Sensor/examples/Middlewares/ST/STM32_BLE_Manager/Src/BLE_Manager.c:4338:6:aci_gap_pass_key_req_event	24	static
C:/Users/dante/OneDrive/Documents/UCT/EEE4022F/ST Sensor/examples/Middlewares/ST/STM32_BLE_Manager/Src/BLE_Manager.c:4366:6:aci_gap_pairing_complete_event	104	static
C:/Users/dante/OneDrive/Documents/UCT/EEE4022F/ST Sensor/examples/Middlewares/ST/STM32_BLE_Manager/Src/BLE_Manager.c:4450:6:aci_l2cap_connection_update_resp_event	16	static
C:/Users/dante/OneDrive/Documents/UCT/EEE4022F/ST Sensor/examples/Middlewares/ST/STM32_BLE_Manager/Src/BLE_Manager.c:4465:6:hci_le_connection_update_complete_event	16	static
C:/Users/dante/OneDrive/Documents/UCT/EEE4022F/ST Sensor/examples/Middlewares/ST/STM32_BLE_Manager/Src/BLE_Manager.c:4488:6:aci_gatt_proc_complete_event	16	static
C:/Users/dante/OneDrive/Documents/UCT/EEE4022F/ST Sensor/examples/Middlewares/ST/STM32_BLE_Manager/Src/BLE_Manager.c:4512:6:hci_le_data_length_change_event	40	static
C:/Users/dante/OneDrive/Documents/UCT/EEE4022F/ST Sensor/examples/Middlewares/ST/STM32_BLE_Manager/Src/BLE_Manager.c:4647:6:aci_gatt_clt_proc_complete_event	16	static
C:/Users/dante/OneDrive/Documents/UCT/EEE4022F/ST Sensor/examples/Middlewares/ST/STM32_BLE_Manager/Src/BLE_Manager.c:4682:6:hci_le_phy_update_complete_event	24	static
C:/Users/dante/OneDrive/Documents/UCT/EEE4022F/ST Sensor/examples/Middlewares/ST/STM32_BLE_Manager/Src/BLE_Manager.c:4760:6:aci_gatt_clt_indication_event	32	static
C:/Users/dante/OneDrive/Documents/UCT/EEE4022F/ST Sensor/examples/Middlewares/ST/STM32_BLE_Manager/Src/BLE_Manager.c:4822:6:aci_gatt_proc_timeout_event	16	static
C:/Users/dante/OneDrive/Documents/UCT/EEE4022F/ST Sensor/examples/Middlewares/ST/STM32_BLE_Manager/Src/BLE_Manager.c:4856:6:hci_hardware_error_event	16	static
C:/Users/dante/OneDrive/Documents/UCT/EEE4022F/ST Sensor/examples/Middlewares/ST/STM32_BLE_Manager/Src/BLE_Manager.c:4906:6:aci_gap_bond_lost_event	8	static
C:/Users/dante/OneDrive/Documents/UCT/EEE4022F/ST Sensor/examples/Middlewares/ST/STM32_BLE_Manager/Src/BLE_Manager.c:4919:13:UpdateWhiteList	32	static
C:/Users/dante/OneDrive/Documents/UCT/EEE4022F/ST Sensor/examples/Middlewares/ST/STM32_BLE_Manager/Src/BLE_Manager.c:4966:6:aci_gap_numeric_comparison_value_event	16	static
C:/Users/dante/OneDrive/Documents/UCT/EEE4022F/ST Sensor/examples/Middlewares/ST/STM32_BLE_Manager/Src/BLE_Manager.c:4984:6:hci_encryption_change_event	16	static
