C:/Users/dante/OneDrive/Documents/UCT/EEE4022F/ST Sensor/examples/Middlewares/ST/BlueNRG-LP/hci/controller/bluenrg_lp_gap_aci.c:26:12:aci_gap_set_io_capability	592	static
C:/Users/dante/OneDrive/Documents/UCT/EEE4022F/ST Sensor/examples/Middlewares/ST/BlueNRG-LP/hci/controller/bluenrg_lp_gap_aci.c:50:12:aci_gap_set_authentication_requirement	600	static
C:/Users/dante/OneDrive/Documents/UCT/EEE4022F/ST Sensor/examples/Middlewares/ST/BlueNRG-LP/hci/controller/bluenrg_lp_gap_aci.c:95:12:aci_gap_set_authorization_requirement	592	static
C:/Users/dante/OneDrive/Documents/UCT/EEE4022F/ST Sensor/examples/Middlewares/ST/BlueNRG-LP/hci/controller/bluenrg_lp_gap_aci.c:122:12:aci_gap_pass_key_resp	592	static
C:/Users/dante/OneDrive/Documents/UCT/EEE4022F/ST Sensor/examples/Middlewares/ST/BlueNRG-LP/hci/controller/bluenrg_lp_gap_aci.c:149:12:aci_gap_authorization_resp	592	static
C:/Users/dante/OneDrive/Documents/UCT/EEE4022F/ST Sensor/examples/Middlewares/ST/BlueNRG-LP/hci/controller/bluenrg_lp_gap_aci.c:176:12:aci_gap_init	600	static
C:/Users/dante/OneDrive/Documents/UCT/EEE4022F/ST Sensor/examples/Middlewares/ST/BlueNRG-LP/hci/controller/bluenrg_lp_gap_aci.c:216:12:aci_gap_slave_security_req	592	static
C:/Users/dante/OneDrive/Documents/UCT/EEE4022F/ST Sensor/examples/Middlewares/ST/BlueNRG-LP/hci/controller/bluenrg_lp_gap_aci.c:241:12:aci_gap_get_security_level	600	static
C:/Users/dante/OneDrive/Documents/UCT/EEE4022F/ST Sensor/examples/Middlewares/ST/BlueNRG-LP/hci/controller/bluenrg_lp_gap_aci.c:270:12:aci_gap_set_event_mask	592	static
C:/Users/dante/OneDrive/Documents/UCT/EEE4022F/ST Sensor/examples/Middlewares/ST/BlueNRG-LP/hci/controller/bluenrg_lp_gap_aci.c:294:12:aci_gap_terminate	592	static
C:/Users/dante/OneDrive/Documents/UCT/EEE4022F/ST Sensor/examples/Middlewares/ST/BlueNRG-LP/hci/controller/bluenrg_lp_gap_aci.c:322:12:aci_gap_clear_security_db	40	static
C:/Users/dante/OneDrive/Documents/UCT/EEE4022F/ST Sensor/examples/Middlewares/ST/BlueNRG-LP/hci/controller/bluenrg_lp_gap_aci.c:339:12:aci_gap_allow_rebond	592	static
C:/Users/dante/OneDrive/Documents/UCT/EEE4022F/ST Sensor/examples/Middlewares/ST/BlueNRG-LP/hci/controller/bluenrg_lp_gap_aci.c:363:12:aci_gap_create_connection	592	static
C:/Users/dante/OneDrive/Documents/UCT/EEE4022F/ST Sensor/examples/Middlewares/ST/BlueNRG-LP/hci/controller/bluenrg_lp_gap_aci.c:394:12:aci_gap_terminate_proc	592	static
C:/Users/dante/OneDrive/Documents/UCT/EEE4022F/ST Sensor/examples/Middlewares/ST/BlueNRG-LP/hci/controller/bluenrg_lp_gap_aci.c:419:12:aci_gap_start_connection_update	600	static
C:/Users/dante/OneDrive/Documents/UCT/EEE4022F/ST Sensor/examples/Middlewares/ST/BlueNRG-LP/hci/controller/bluenrg_lp_gap_aci.c:462:12:aci_gap_send_pairing_req	592	static
C:/Users/dante/OneDrive/Documents/UCT/EEE4022F/ST Sensor/examples/Middlewares/ST/BlueNRG-LP/hci/controller/bluenrg_lp_gap_aci.c:490:12:aci_gap_resolve_private_addr	592	static
C:/Users/dante/OneDrive/Documents/UCT/EEE4022F/ST Sensor/examples/Middlewares/ST/BlueNRG-LP/hci/controller/bluenrg_lp_gap_aci.c:517:12:aci_gap_get_bonded_devices	856	static
C:/Users/dante/OneDrive/Documents/UCT/EEE4022F/ST Sensor/examples/Middlewares/ST/BlueNRG-LP/hci/controller/bluenrg_lp_gap_aci.c:549:12:aci_gap_is_device_bonded	592	static
C:/Users/dante/OneDrive/Documents/UCT/EEE4022F/ST Sensor/examples/Middlewares/ST/BlueNRG-LP/hci/controller/bluenrg_lp_gap_aci.c:576:12:aci_gap_numeric_comparison_value_confirm_yesno	592	static
C:/Users/dante/OneDrive/Documents/UCT/EEE4022F/ST Sensor/examples/Middlewares/ST/BlueNRG-LP/hci/controller/bluenrg_lp_gap_aci.c:603:12:aci_gap_passkey_input	592	static
C:/Users/dante/OneDrive/Documents/UCT/EEE4022F/ST Sensor/examples/Middlewares/ST/BlueNRG-LP/hci/controller/bluenrg_lp_gap_aci.c:630:12:aci_gap_get_oob_data	632	static
C:/Users/dante/OneDrive/Documents/UCT/EEE4022F/ST Sensor/examples/Middlewares/ST/BlueNRG-LP/hci/controller/bluenrg_lp_gap_aci.c:663:12:aci_gap_set_oob_data	600	static
C:/Users/dante/OneDrive/Documents/UCT/EEE4022F/ST Sensor/examples/Middlewares/ST/BlueNRG-LP/hci/controller/bluenrg_lp_gap_aci.c:702:12:aci_gap_remove_bonded_device	592	static
C:/Users/dante/OneDrive/Documents/UCT/EEE4022F/ST Sensor/examples/Middlewares/ST/BlueNRG-LP/hci/controller/bluenrg_lp_gap_aci.c:729:12:aci_gap_set_advertising_configuration	600	static
C:/Users/dante/OneDrive/Documents/UCT/EEE4022F/ST Sensor/examples/Middlewares/ST/BlueNRG-LP/hci/controller/bluenrg_lp_gap_aci.c:797:12:aci_gap_set_advertising_enable	592	static
C:/Users/dante/OneDrive/Documents/UCT/EEE4022F/ST Sensor/examples/Middlewares/ST/BlueNRG-LP/hci/controller/bluenrg_lp_gap_aci.c:834:12:aci_gap_set_advertising_data_nwk	600	static
C:/Users/dante/OneDrive/Documents/UCT/EEE4022F/ST Sensor/examples/Middlewares/ST/BlueNRG-LP/hci/controller/bluenrg_lp_gap_aci.c:870:12:aci_gap_set_scan_response_data_nwk	600	static
C:/Users/dante/OneDrive/Documents/UCT/EEE4022F/ST Sensor/examples/Middlewares/ST/BlueNRG-LP/hci/controller/bluenrg_lp_gap_aci.c:906:12:aci_gap_set_scan_configuration	600	static
C:/Users/dante/OneDrive/Documents/UCT/EEE4022F/ST Sensor/examples/Middlewares/ST/BlueNRG-LP/hci/controller/bluenrg_lp_gap_aci.c:945:12:aci_gap_set_connection_configuration	600	static
C:/Users/dante/OneDrive/Documents/UCT/EEE4022F/ST Sensor/examples/Middlewares/ST/BlueNRG-LP/hci/controller/bluenrg_lp_gap_aci.c:987:12:aci_gap_start_procedure	600	static
C:/Users/dante/OneDrive/Documents/UCT/EEE4022F/ST Sensor/examples/Middlewares/ST/BlueNRG-LP/hci/controller/bluenrg_lp_gap_aci.c:1020:12:aci_gap_discover_name	592	static
C:/Users/dante/OneDrive/Documents/UCT/EEE4022F/ST Sensor/examples/Middlewares/ST/BlueNRG-LP/hci/controller/bluenrg_lp_gap_aci.c:1050:12:aci_gap_add_devices_to_white_and_resolving_list	600	static
C:/Users/dante/OneDrive/Documents/UCT/EEE4022F/ST Sensor/examples/Middlewares/ST/BlueNRG-LP/hci/controller/bluenrg_lp_gap_aci.c:1089:12:aci_gap_configure_white_and_resolving_list	592	static
C:/Users/dante/OneDrive/Documents/UCT/EEE4022F/ST Sensor/examples/Middlewares/ST/BlueNRG-LP/hci/controller/bluenrg_lp_gap_aci.c:1113:12:aci_gap_set_periodic_advertising_configuration	600	static
C:/Users/dante/OneDrive/Documents/UCT/EEE4022F/ST Sensor/examples/Middlewares/ST/BlueNRG-LP/hci/controller/bluenrg_lp_gap_aci.c:1146:12:aci_gap_set_periodic_advertising_data_nwk	600	static
C:/Users/dante/OneDrive/Documents/UCT/EEE4022F/ST Sensor/examples/Middlewares/ST/BlueNRG-LP/hci/controller/bluenrg_lp_gap_aci.c:1182:12:aci_gap_set_periodic_advertising_enable	592	static
C:/Users/dante/OneDrive/Documents/UCT/EEE4022F/ST Sensor/examples/Middlewares/ST/BlueNRG-LP/hci/controller/bluenrg_lp_gap_aci.c:1209:12:aci_gap_periodic_advertising_create_sync	600	static
C:/Users/dante/OneDrive/Documents/UCT/EEE4022F/ST Sensor/examples/Middlewares/ST/BlueNRG-LP/hci/controller/bluenrg_lp_gap_aci.c:1252:12:aci_gap_periodic_advertising_create_sync_cancel	40	static
C:/Users/dante/OneDrive/Documents/UCT/EEE4022F/ST Sensor/examples/Middlewares/ST/BlueNRG-LP/hci/controller/bluenrg_lp_gap_aci.c:1269:12:aci_gap_remove_advertising_set	592	static
C:/Users/dante/OneDrive/Documents/UCT/EEE4022F/ST Sensor/examples/Middlewares/ST/BlueNRG-LP/hci/controller/bluenrg_lp_gap_aci.c:1293:12:aci_gap_clear_advertising_sets	40	static
C:/Users/dante/OneDrive/Documents/UCT/EEE4022F/ST Sensor/examples/Middlewares/ST/BlueNRG-LP/hci/controller/bluenrg_lp_gap_aci.c:1310:12:aci_gap_periodic_advertising_terminate_sync	592	static
C:/Users/dante/OneDrive/Documents/UCT/EEE4022F/ST Sensor/examples/Middlewares/ST/BlueNRG-LP/hci/controller/bluenrg_lp_gap_aci.c:1334:12:aci_gap_add_device_to_periodic_advertiser_list	592	static
C:/Users/dante/OneDrive/Documents/UCT/EEE4022F/ST Sensor/examples/Middlewares/ST/BlueNRG-LP/hci/controller/bluenrg_lp_gap_aci.c:1364:12:aci_gap_remove_device_from_periodic_advertising_list	592	static
C:/Users/dante/OneDrive/Documents/UCT/EEE4022F/ST Sensor/examples/Middlewares/ST/BlueNRG-LP/hci/controller/bluenrg_lp_gap_aci.c:1394:12:aci_gap_clear_periodic_advertiser_list	40	static
C:/Users/dante/OneDrive/Documents/UCT/EEE4022F/ST Sensor/examples/Middlewares/ST/BlueNRG-LP/hci/controller/bluenrg_lp_gap_aci.c:1411:12:aci_gap_read_periodic_advertiser_list_size	48	static
C:/Users/dante/OneDrive/Documents/UCT/EEE4022F/ST Sensor/examples/Middlewares/ST/BlueNRG-LP/hci/controller/bluenrg_lp_gap_aci.c:1430:12:aci_gap_set_periodic_advertising_receive_enable	592	static
C:/Users/dante/OneDrive/Documents/UCT/EEE4022F/ST Sensor/examples/Middlewares/ST/BlueNRG-LP/hci/controller/bluenrg_lp_gap_aci.c:1457:12:aci_gap_periodic_advertising_sync_transfer	600	static
C:/Users/dante/OneDrive/Documents/UCT/EEE4022F/ST Sensor/examples/Middlewares/ST/BlueNRG-LP/hci/controller/bluenrg_lp_gap_aci.c:1488:12:aci_gap_periodic_advertising_set_info_transfer	600	static
C:/Users/dante/OneDrive/Documents/UCT/EEE4022F/ST Sensor/examples/Middlewares/ST/BlueNRG-LP/hci/controller/bluenrg_lp_gap_aci.c:1519:12:aci_gap_set_periodic_advertising_sync_transfer_parameters	600	static
C:/Users/dante/OneDrive/Documents/UCT/EEE4022F/ST Sensor/examples/Middlewares/ST/BlueNRG-LP/hci/controller/bluenrg_lp_gap_aci.c:1556:12:aci_gap_set_default_periodic_advertising_sync_transfer_parameters	600	static
