C:/Users/dante/OneDrive/Documents/UCT/EEE4022F/ST Sensor/examples/Middlewares/ST/BlueNRG-LP/hci/bluenrg_lp_events_cb.c:134:1:hci_disconnection_complete_event	16	static
C:/Users/dante/OneDrive/Documents/UCT/EEE4022F/ST Sensor/examples/Middlewares/ST/BlueNRG-LP/hci/bluenrg_lp_events_cb.c:169:1:hci_encryption_change_event	16	static
C:/Users/dante/OneDrive/Documents/UCT/EEE4022F/ST Sensor/examples/Middlewares/ST/BlueNRG-LP/hci/bluenrg_lp_events_cb.c:205:1:hci_read_remote_version_information_complete_event	24	static
C:/Users/dante/OneDrive/Documents/UCT/EEE4022F/ST Sensor/examples/Middlewares/ST/BlueNRG-LP/hci/bluenrg_lp_events_cb.c:229:1:hci_hardware_error_event	16	static
C:/Users/dante/OneDrive/Documents/UCT/EEE4022F/ST Sensor/examples/Middlewares/ST/BlueNRG-LP/hci/bluenrg_lp_events_cb.c:255:1:hci_number_of_completed_packets_event	16	static
C:/Users/dante/OneDrive/Documents/UCT/EEE4022F/ST Sensor/examples/Middlewares/ST/BlueNRG-LP/hci/bluenrg_lp_events_cb.c:272:1:hci_data_buffer_overflow_event	16	static
C:/Users/dante/OneDrive/Documents/UCT/EEE4022F/ST Sensor/examples/Middlewares/ST/BlueNRG-LP/hci/bluenrg_lp_events_cb.c:297:1:hci_encryption_key_refresh_complete_event	16	static
C:/Users/dante/OneDrive/Documents/UCT/EEE4022F/ST Sensor/examples/Middlewares/ST/BlueNRG-LP/hci/bluenrg_lp_events_cb.c:316:1:hci_authenticated_payload_timeout_expired_event	16	static
C:/Users/dante/OneDrive/Documents/UCT/EEE4022F/ST Sensor/examples/Middlewares/ST/BlueNRG-LP/hci/bluenrg_lp_events_cb.c:373:1:hci_le_connection_complete_event	24	static
C:/Users/dante/OneDrive/Documents/UCT/EEE4022F/ST Sensor/examples/Middlewares/ST/BlueNRG-LP/hci/bluenrg_lp_events_cb.c:399:1:hci_le_advertising_report_event	16	static
C:/Users/dante/OneDrive/Documents/UCT/EEE4022F/ST Sensor/examples/Middlewares/ST/BlueNRG-LP/hci/bluenrg_lp_events_cb.c:430:1:hci_le_connection_update_complete_event	24	static
C:/Users/dante/OneDrive/Documents/UCT/EEE4022F/ST Sensor/examples/Middlewares/ST/BlueNRG-LP/hci/bluenrg_lp_events_cb.c:452:1:hci_le_read_remote_used_features_complete_event	16	static
C:/Users/dante/OneDrive/Documents/UCT/EEE4022F/ST Sensor/examples/Middlewares/ST/BlueNRG-LP/hci/bluenrg_lp_events_cb.c:472:1:hci_le_long_term_key_request_event	16	static
C:/Users/dante/OneDrive/Documents/UCT/EEE4022F/ST Sensor/examples/Middlewares/ST/BlueNRG-LP/hci/bluenrg_lp_events_cb.c:495:1:hci_le_data_length_change_event	24	static
C:/Users/dante/OneDrive/Documents/UCT/EEE4022F/ST Sensor/examples/Middlewares/ST/BlueNRG-LP/hci/bluenrg_lp_events_cb.c:512:1:hci_le_read_local_p256_public_key_complete_event	16	static
C:/Users/dante/OneDrive/Documents/UCT/EEE4022F/ST Sensor/examples/Middlewares/ST/BlueNRG-LP/hci/bluenrg_lp_events_cb.c:527:1:hci_le_generate_dhkey_complete_event	16	static
C:/Users/dante/OneDrive/Documents/UCT/EEE4022F/ST Sensor/examples/Middlewares/ST/BlueNRG-LP/hci/bluenrg_lp_events_cb.c:599:1:hci_le_enhanced_connection_complete_event	24	static
C:/Users/dante/OneDrive/Documents/UCT/EEE4022F/ST Sensor/examples/Middlewares/ST/BlueNRG-LP/hci/bluenrg_lp_events_cb.c:630:1:hci_le_direct_advertising_report_event	16	static
C:/Users/dante/OneDrive/Documents/UCT/EEE4022F/ST Sensor/examples/Middlewares/ST/BlueNRG-LP/hci/bluenrg_lp_events_cb.c:652:1:aci_gap_limited_discoverable_event	8	static
C:/Users/dante/OneDrive/Documents/UCT/EEE4022F/ST Sensor/examples/Middlewares/ST/BlueNRG-LP/hci/bluenrg_lp_events_cb.c:687:1:aci_gap_pairing_complete_event	16	static
C:/Users/dante/OneDrive/Documents/UCT/EEE4022F/ST Sensor/examples/Middlewares/ST/BlueNRG-LP/hci/bluenrg_lp_events_cb.c:703:1:aci_gap_pass_key_req_event	16	static
C:/Users/dante/OneDrive/Documents/UCT/EEE4022F/ST Sensor/examples/Middlewares/ST/BlueNRG-LP/hci/bluenrg_lp_events_cb.c:718:1:aci_gap_authorization_req_event	16	static
C:/Users/dante/OneDrive/Documents/UCT/EEE4022F/ST Sensor/examples/Middlewares/ST/BlueNRG-LP/hci/bluenrg_lp_events_cb.c:729:1:aci_gap_slave_security_initiated_event	8	static
C:/Users/dante/OneDrive/Documents/UCT/EEE4022F/ST Sensor/examples/Middlewares/ST/BlueNRG-LP/hci/bluenrg_lp_events_cb.c:743:1:aci_gap_bond_lost_event	8	static
C:/Users/dante/OneDrive/Documents/UCT/EEE4022F/ST Sensor/examples/Middlewares/ST/BlueNRG-LP/hci/bluenrg_lp_events_cb.c:769:1:aci_gap_proc_complete_event	16	static
C:/Users/dante/OneDrive/Documents/UCT/EEE4022F/ST Sensor/examples/Middlewares/ST/BlueNRG-LP/hci/bluenrg_lp_events_cb.c:787:1:aci_gap_addr_not_resolved_event	16	static
C:/Users/dante/OneDrive/Documents/UCT/EEE4022F/ST Sensor/examples/Middlewares/ST/BlueNRG-LP/hci/bluenrg_lp_events_cb.c:801:1:aci_gap_numeric_comparison_value_event	16	static
C:/Users/dante/OneDrive/Documents/UCT/EEE4022F/ST Sensor/examples/Middlewares/ST/BlueNRG-LP/hci/bluenrg_lp_events_cb.c:815:1:aci_gap_keypress_notification_event	16	static
C:/Users/dante/OneDrive/Documents/UCT/EEE4022F/ST Sensor/examples/Middlewares/ST/BlueNRG-LP/hci/bluenrg_lp_events_cb.c:841:1:aci_gatt_attribute_modified_event	24	static
C:/Users/dante/OneDrive/Documents/UCT/EEE4022F/ST Sensor/examples/Middlewares/ST/BlueNRG-LP/hci/bluenrg_lp_events_cb.c:858:1:aci_gatt_proc_timeout_event	16	static
C:/Users/dante/OneDrive/Documents/UCT/EEE4022F/ST Sensor/examples/Middlewares/ST/BlueNRG-LP/hci/bluenrg_lp_events_cb.c:872:1:aci_att_exchange_mtu_resp_event	16	static
C:/Users/dante/OneDrive/Documents/UCT/EEE4022F/ST Sensor/examples/Middlewares/ST/BlueNRG-LP/hci/bluenrg_lp_events_cb.c:890:1:aci_att_find_info_resp_event	16	static
C:/Users/dante/OneDrive/Documents/UCT/EEE4022F/ST Sensor/examples/Middlewares/ST/BlueNRG-LP/hci/bluenrg_lp_events_cb.c:907:1:aci_att_find_by_type_value_resp_event	16	static
C:/Users/dante/OneDrive/Documents/UCT/EEE4022F/ST Sensor/examples/Middlewares/ST/BlueNRG-LP/hci/bluenrg_lp_events_cb.c:925:1:aci_att_read_by_type_resp_event	16	static
C:/Users/dante/OneDrive/Documents/UCT/EEE4022F/ST Sensor/examples/Middlewares/ST/BlueNRG-LP/hci/bluenrg_lp_events_cb.c:942:1:aci_att_read_resp_event	16	static
C:/Users/dante/OneDrive/Documents/UCT/EEE4022F/ST Sensor/examples/Middlewares/ST/BlueNRG-LP/hci/bluenrg_lp_events_cb.c:958:1:aci_att_read_blob_resp_event	16	static
C:/Users/dante/OneDrive/Documents/UCT/EEE4022F/ST Sensor/examples/Middlewares/ST/BlueNRG-LP/hci/bluenrg_lp_events_cb.c:975:1:aci_att_read_multiple_resp_event	16	static
C:/Users/dante/OneDrive/Documents/UCT/EEE4022F/ST Sensor/examples/Middlewares/ST/BlueNRG-LP/hci/bluenrg_lp_events_cb.c:993:1:aci_att_read_by_group_type_resp_event	16	static
C:/Users/dante/OneDrive/Documents/UCT/EEE4022F/ST Sensor/examples/Middlewares/ST/BlueNRG-LP/hci/bluenrg_lp_events_cb.c:1012:1:aci_att_prepare_write_resp_event	24	static
C:/Users/dante/OneDrive/Documents/UCT/EEE4022F/ST Sensor/examples/Middlewares/ST/BlueNRG-LP/hci/bluenrg_lp_events_cb.c:1028:1:aci_att_exec_write_resp_event	16	static
C:/Users/dante/OneDrive/Documents/UCT/EEE4022F/ST Sensor/examples/Middlewares/ST/BlueNRG-LP/hci/bluenrg_lp_events_cb.c:1134:1:aci_gatt_proc_complete_event	16	static
C:/Users/dante/OneDrive/Documents/UCT/EEE4022F/ST Sensor/examples/Middlewares/ST/BlueNRG-LP/hci/bluenrg_lp_events_cb.c:1171:1:aci_gatt_error_resp_event	24	static
C:/Users/dante/OneDrive/Documents/UCT/EEE4022F/ST Sensor/examples/Middlewares/ST/BlueNRG-LP/hci/bluenrg_lp_events_cb.c:1196:1:aci_gatt_disc_read_char_by_uuid_resp_event	24	static
C:/Users/dante/OneDrive/Documents/UCT/EEE4022F/ST Sensor/examples/Middlewares/ST/BlueNRG-LP/hci/bluenrg_lp_events_cb.c:1224:1:aci_gatt_write_permit_req_event	24	static
C:/Users/dante/OneDrive/Documents/UCT/EEE4022F/ST Sensor/examples/Middlewares/ST/BlueNRG-LP/hci/bluenrg_lp_events_cb.c:1246:1:aci_gatt_read_permit_req_event	16	static
C:/Users/dante/OneDrive/Documents/UCT/EEE4022F/ST Sensor/examples/Middlewares/ST/BlueNRG-LP/hci/bluenrg_lp_events_cb.c:1264:1:aci_gatt_tx_pool_available_event	16	static
C:/Users/dante/OneDrive/Documents/UCT/EEE4022F/ST Sensor/examples/Middlewares/ST/BlueNRG-LP/hci/bluenrg_lp_events_cb.c:1277:1:aci_gatt_server_confirmation_event	16	static
C:/Users/dante/OneDrive/Documents/UCT/EEE4022F/ST Sensor/examples/Middlewares/ST/BlueNRG-LP/hci/bluenrg_lp_events_cb.c:1300:1:aci_gatt_prepare_write_permit_req_event	24	static
C:/Users/dante/OneDrive/Documents/UCT/EEE4022F/ST Sensor/examples/Middlewares/ST/BlueNRG-LP/hci/bluenrg_lp_events_cb.c:1327:1:aci_l2cap_connection_update_resp_event	16	static
C:/Users/dante/OneDrive/Documents/UCT/EEE4022F/ST Sensor/examples/Middlewares/ST/BlueNRG-LP/hci/bluenrg_lp_events_cb.c:1345:1:aci_l2cap_proc_timeout_event	16	static
C:/Users/dante/OneDrive/Documents/UCT/EEE4022F/ST Sensor/examples/Middlewares/ST/BlueNRG-LP/hci/bluenrg_lp_events_cb.c:1379:1:aci_l2cap_connection_update_req_event	24	static
C:/Users/dante/OneDrive/Documents/UCT/EEE4022F/ST Sensor/examples/Middlewares/ST/BlueNRG-LP/hci/bluenrg_lp_events_cb.c:1403:1:aci_l2cap_command_reject_event	24	static
C:/Users/dante/OneDrive/Documents/UCT/EEE4022F/ST Sensor/examples/Middlewares/ST/BlueNRG-LP/hci/bluenrg_lp_events_cb.c:1439:1:aci_blue_initialized_event	16	static
C:/Users/dante/OneDrive/Documents/UCT/EEE4022F/ST Sensor/examples/Middlewares/ST/BlueNRG-LP/hci/bluenrg_lp_events_cb.c:1516:1:aci_blue_events_lost_event	16	static
C:/Users/dante/OneDrive/Documents/UCT/EEE4022F/ST Sensor/examples/Middlewares/ST/BlueNRG-LP/hci/bluenrg_lp_events_cb.c:1545:1:aci_blue_crash_info_event	24	static
C:/Users/dante/OneDrive/Documents/UCT/EEE4022F/ST Sensor/examples/Middlewares/ST/BlueNRG-LP/hci/bluenrg_lp_events_cb.c:1591:1:aci_hal_end_of_radio_activity_event	16	static
C:/Users/dante/OneDrive/Documents/UCT/EEE4022F/ST Sensor/examples/Middlewares/ST/BlueNRG-LP/hci/bluenrg_lp_events_cb.c:1620:1:aci_hal_scan_req_report_event	16	static
C:/Users/dante/OneDrive/Documents/UCT/EEE4022F/ST Sensor/examples/Middlewares/ST/BlueNRG-LP/hci/bluenrg_lp_events_cb.c:1638:1:aci_hal_fw_error_event	16	static
C:/Users/dante/OneDrive/Documents/UCT/EEE4022F/ST Sensor/examples/Middlewares/ST/BlueNRG-LP/hci/bluenrg_lp_events_cb.c:1653:1:aci_hal_le_test_end_event	16	static
C:/Users/dante/OneDrive/Documents/UCT/EEE4022F/ST Sensor/examples/Middlewares/ST/BlueNRG-LP/hci/bluenrg_lp_events_cb.c:1705:1:aci_l2cap_cfc_connection_event	24	static
C:/Users/dante/OneDrive/Documents/UCT/EEE4022F/ST Sensor/examples/Middlewares/ST/BlueNRG-LP/hci/bluenrg_lp_events_cb.c:1728:1:aci_l2cap_disconnection_complete_event	16	static
C:/Users/dante/OneDrive/Documents/UCT/EEE4022F/ST Sensor/examples/Middlewares/ST/BlueNRG-LP/hci/bluenrg_lp_events_cb.c:1751:1:aci_l2cap_flow_control_credit_event	24	static
C:/Users/dante/OneDrive/Documents/UCT/EEE4022F/ST Sensor/examples/Middlewares/ST/BlueNRG-LP/hci/bluenrg_lp_events_cb.c:1771:1:aci_l2cap_sdu_data_tx_nwk_event	24	static
C:/Users/dante/OneDrive/Documents/UCT/EEE4022F/ST Sensor/examples/Middlewares/ST/BlueNRG-LP/hci/bluenrg_lp_events_cb.c:1793:1:aci_l2cap_sdu_data_rx_nwk_event	24	static
C:/Users/dante/OneDrive/Documents/UCT/EEE4022F/ST Sensor/examples/Middlewares/ST/BlueNRG-LP/hci/bluenrg_lp_events_cb.c:1816:1:aci_gatt_srv_attribute_modified_event	24	static
C:/Users/dante/OneDrive/Documents/UCT/EEE4022F/ST Sensor/examples/Middlewares/ST/BlueNRG-LP/hci/bluenrg_lp_events_cb.c:1839:1:aci_att_clt_find_info_resp_event	24	static
C:/Users/dante/OneDrive/Documents/UCT/EEE4022F/ST Sensor/examples/Middlewares/ST/BlueNRG-LP/hci/bluenrg_lp_events_cb.c:1857:1:aci_att_clt_find_by_type_value_resp_event	16	static
C:/Users/dante/OneDrive/Documents/UCT/EEE4022F/ST Sensor/examples/Middlewares/ST/BlueNRG-LP/hci/bluenrg_lp_events_cb.c:1880:1:aci_att_clt_read_by_type_resp_event	24	static
C:/Users/dante/OneDrive/Documents/UCT/EEE4022F/ST Sensor/examples/Middlewares/ST/BlueNRG-LP/hci/bluenrg_lp_events_cb.c:1898:1:aci_att_clt_read_resp_event	16	static
C:/Users/dante/OneDrive/Documents/UCT/EEE4022F/ST Sensor/examples/Middlewares/ST/BlueNRG-LP/hci/bluenrg_lp_events_cb.c:1915:1:aci_att_clt_read_blob_resp_event	16	static
C:/Users/dante/OneDrive/Documents/UCT/EEE4022F/ST Sensor/examples/Middlewares/ST/BlueNRG-LP/hci/bluenrg_lp_events_cb.c:1934:1:aci_att_clt_read_multiple_resp_event	16	static
C:/Users/dante/OneDrive/Documents/UCT/EEE4022F/ST Sensor/examples/Middlewares/ST/BlueNRG-LP/hci/bluenrg_lp_events_cb.c:1956:1:aci_att_clt_read_by_group_type_resp_event	24	static
C:/Users/dante/OneDrive/Documents/UCT/EEE4022F/ST Sensor/examples/Middlewares/ST/BlueNRG-LP/hci/bluenrg_lp_events_cb.c:1977:1:aci_att_clt_prepare_write_resp_event	24	static
C:/Users/dante/OneDrive/Documents/UCT/EEE4022F/ST Sensor/examples/Middlewares/ST/BlueNRG-LP/hci/bluenrg_lp_events_cb.c:1995:1:aci_att_clt_exec_write_resp_event	16	static
C:/Users/dante/OneDrive/Documents/UCT/EEE4022F/ST Sensor/examples/Middlewares/ST/BlueNRG-LP/hci/bluenrg_lp_events_cb.c:2011:1:aci_gatt_clt_indication_event	24	static
C:/Users/dante/OneDrive/Documents/UCT/EEE4022F/ST Sensor/examples/Middlewares/ST/BlueNRG-LP/hci/bluenrg_lp_events_cb.c:2030:1:aci_gatt_clt_notification_event	24	static
C:/Users/dante/OneDrive/Documents/UCT/EEE4022F/ST Sensor/examples/Middlewares/ST/BlueNRG-LP/hci/bluenrg_lp_events_cb.c:2048:1:aci_gatt_clt_proc_complete_event	16	static
C:/Users/dante/OneDrive/Documents/UCT/EEE4022F/ST Sensor/examples/Middlewares/ST/BlueNRG-LP/hci/bluenrg_lp_events_cb.c:2088:1:aci_gatt_clt_error_resp_event	24	static
C:/Users/dante/OneDrive/Documents/UCT/EEE4022F/ST Sensor/examples/Middlewares/ST/BlueNRG-LP/hci/bluenrg_lp_events_cb.c:2118:1:aci_gatt_clt_disc_read_char_by_uuid_resp_event	24	static
C:/Users/dante/OneDrive/Documents/UCT/EEE4022F/ST Sensor/examples/Middlewares/ST/BlueNRG-LP/hci/bluenrg_lp_events_cb.c:2134:1:aci_gatt_srv_confirmation_event	16	static
C:/Users/dante/OneDrive/Documents/UCT/EEE4022F/ST Sensor/examples/Middlewares/ST/BlueNRG-LP/hci/bluenrg_lp_events_cb.c:2156:1:aci_att_srv_exec_write_req_event	16	static
C:/Users/dante/OneDrive/Documents/UCT/EEE4022F/ST Sensor/examples/Middlewares/ST/BlueNRG-LP/hci/bluenrg_lp_events_cb.c:2186:1:aci_gatt_srv_authorize_nwk_event	24	static
C:/Users/dante/OneDrive/Documents/UCT/EEE4022F/ST Sensor/examples/Middlewares/ST/BlueNRG-LP/hci/bluenrg_lp_events_cb.c:2221:1:hci_le_phy_update_complete_event	24	static
C:/Users/dante/OneDrive/Documents/UCT/EEE4022F/ST Sensor/examples/Middlewares/ST/BlueNRG-LP/hci/bluenrg_lp_events_cb.c:2258:1:hci_le_extended_advertising_report_event	16	static
C:/Users/dante/OneDrive/Documents/UCT/EEE4022F/ST Sensor/examples/Middlewares/ST/BlueNRG-LP/hci/bluenrg_lp_events_cb.c:2323:1:hci_le_periodic_advertising_sync_established_event	24	static
C:/Users/dante/OneDrive/Documents/UCT/EEE4022F/ST Sensor/examples/Middlewares/ST/BlueNRG-LP/hci/bluenrg_lp_events_cb.c:2381:1:hci_le_periodic_advertising_report_event	24	static
C:/Users/dante/OneDrive/Documents/UCT/EEE4022F/ST Sensor/examples/Middlewares/ST/BlueNRG-LP/hci/bluenrg_lp_events_cb.c:2404:1:hci_le_periodic_advertising_sync_lost_event	16	static
C:/Users/dante/OneDrive/Documents/UCT/EEE4022F/ST Sensor/examples/Middlewares/ST/BlueNRG-LP/hci/bluenrg_lp_events_cb.c:2417:1:hci_le_scan_timeout_event	8	static
C:/Users/dante/OneDrive/Documents/UCT/EEE4022F/ST Sensor/examples/Middlewares/ST/BlueNRG-LP/hci/bluenrg_lp_events_cb.c:2456:1:hci_le_advertising_set_terminated_event	24	static
C:/Users/dante/OneDrive/Documents/UCT/EEE4022F/ST Sensor/examples/Middlewares/ST/BlueNRG-LP/hci/bluenrg_lp_events_cb.c:2492:1:hci_le_scan_request_received_event	16	static
C:/Users/dante/OneDrive/Documents/UCT/EEE4022F/ST Sensor/examples/Middlewares/ST/BlueNRG-LP/hci/bluenrg_lp_events_cb.c:2515:1:hci_le_channel_selection_algorithm_event	16	static
C:/Users/dante/OneDrive/Documents/UCT/EEE4022F/ST Sensor/examples/Middlewares/ST/BlueNRG-LP/hci/bluenrg_lp_events_cb.c:2597:1:hci_le_connectionless_iq_report_event	24	static
C:/Users/dante/OneDrive/Documents/UCT/EEE4022F/ST Sensor/examples/Middlewares/ST/BlueNRG-LP/hci/bluenrg_lp_events_cb.c:2674:1:hci_le_connection_iq_report_event	24	static
C:/Users/dante/OneDrive/Documents/UCT/EEE4022F/ST Sensor/examples/Middlewares/ST/BlueNRG-LP/hci/bluenrg_lp_events_cb.c:2707:1:hci_le_cte_request_failed_event	16	static
C:/Users/dante/OneDrive/Documents/UCT/EEE4022F/ST Sensor/examples/Middlewares/ST/BlueNRG-LP/hci/bluenrg_lp_events_cb.c:2774:1:hci_le_periodic_advertising_sync_transfer_received_event	24	static
C:/Users/dante/OneDrive/Documents/UCT/EEE4022F/ST Sensor/examples/Middlewares/ST/BlueNRG-LP/hci/bluenrg_lp_events_cb.c:2809:1:hci_le_path_loss_threshold_event	16	static
C:/Users/dante/OneDrive/Documents/UCT/EEE4022F/ST Sensor/examples/Middlewares/ST/BlueNRG-LP/hci/bluenrg_lp_events_cb.c:2862:1:hci_le_transmit_power_reporting_event	24	static
